Component: ARM Compiler 5.06 update 5 (build 528) Tool: armlink [4d35e2]

==============================================================================

Section Cross References

    keil_startup_lpc112x.o(STACK) refers (Special) to heapauxi.o(.text) for __use_two_region_memory
    keil_startup_lpc112x.o(HEAP) refers (Special) to heapauxi.o(.text) for __use_two_region_memory
    keil_startup_lpc112x.o(RESET) refers (Special) to heapauxi.o(.text) for __use_two_region_memory
    keil_startup_lpc112x.o(RESET) refers to keil_startup_lpc112x.o(STACK) for __initial_sp
    keil_startup_lpc112x.o(RESET) refers to keil_startup_lpc112x.o(.text) for Reset_Handler
    keil_startup_lpc112x.o(RESET) refers to lpc112x_api_sys_tick.o(i.SysTick_Handler) for SysTick_Handler
    keil_startup_lpc112x.o(RESET) refers to lpc112x_api_mrt.o(i.TIMER16_0_IRQHandler) for TIMER16_0_IRQHandler
    keil_startup_lpc112x.o(RESET) refers to lpc112x_api_mrt.o(i.TIMER16_1_IRQHandler) for TIMER16_1_IRQHandler
    keil_startup_lpc112x.o(RESET) refers to lpc112x_api_mrt.o(i.TIMER32_0_IRQHandler) for TIMER32_0_IRQHandler
    keil_startup_lpc112x.o(RESET) refers to lpc112x_api_mrt.o(i.TIMER32_1_IRQHandler) for TIMER32_1_IRQHandler
    keil_startup_lpc112x.o(RESET) refers to lpc112x_api_uart.o(i.UART_IRQHandler) for UART_IRQHandler
    keil_startup_lpc112x.o(RESET) refers to lpc112x_api_uart.o(i.UART1_IRQHandler) for UART1_IRQHandler
    keil_startup_lpc112x.o(RESET) refers to lpc112x_api_uart.o(i.UART2_IRQHandler) for UART2_IRQHandler
    keil_startup_lpc112x.o(RESET) refers to lpc112x_api_adc.o(i.ADCA_IRQHandler) for ADCA_IRQHandler
    keil_startup_lpc112x.o(RESET) refers to lpc112x_api_pin_int.o(i.PIOINT3_IRQHandler) for PIOINT3_IRQHandler
    keil_startup_lpc112x.o(RESET) refers to lpc112x_api_pin_int.o(i.PIOINT2_IRQHandler) for PIOINT2_IRQHandler
    keil_startup_lpc112x.o(RESET) refers to lpc112x_api_pin_int.o(i.PIOINT1_IRQHandler) for PIOINT1_IRQHandler
    keil_startup_lpc112x.o(RESET) refers to lpc112x_api_pin_int.o(i.PIOINT0_IRQHandler) for PIOINT0_IRQHandler
    keil_startup_lpc112x.o(.ARM.__at_0x02FC) refers (Special) to heapauxi.o(.text) for __use_two_region_memory
    keil_startup_lpc112x.o(.text) refers (Special) to heapauxi.o(.text) for __use_two_region_memory
    keil_startup_lpc112x.o(.text) refers to __main.o(!!!main) for __main
    keil_startup_lpc112x.o(.text) refers to keil_startup_lpc112x.o(HEAP) for Heap_Mem
    keil_startup_lpc112x.o(.text) refers to keil_startup_lpc112x.o(STACK) for Stack_Mem
    lpc112x_api_sys_clock.o(i.system_clock_init) refers to sysinit_112x.o(i.Chip_SetupIrcClocking) for Chip_SetupIrcClocking
    lpc112x_api_sys_clock.o(i.system_clock_init) refers to chip_112x.o(i.SystemCoreClockUpdate) for SystemCoreClockUpdate
    lpc112x_api_adc.o(i.ADCA_IRQHandler) refers to lpc112x_api_adc.o(i.adc_scan) for adc_scan
    lpc112x_api_adc.o(i.adc_config) refers to adc_112x.o(i.Chip_ADC_Init) for Chip_ADC_Init
    lpc112x_api_adc.o(i.adc_config) refers to adc_112x.o(i.Chip_ADC_StartCalibration) for Chip_ADC_StartCalibration
    lpc112x_api_adc.o(i.adc_config) refers to adc_112x.o(i.Chip_ADC_SetClockRate) for Chip_ADC_SetClockRate
    lpc112x_api_adc.o(i.adc_config) refers to lpc112x_api_adc.o(i.__ARM_common_switch8) for __ARM_common_switch8
    lpc112x_api_adc.o(i.adc_config) refers to lpc112x_api_adc.o(i.Chip_IOCON_PinMuxSet) for Chip_IOCON_PinMuxSet
    lpc112x_api_adc.o(i.adc_config) refers to lpc112x_api_adc.o(i.Chip_ADC_SetThrLowValue) for Chip_ADC_SetThrLowValue
    lpc112x_api_adc.o(i.adc_config) refers to lpc112x_api_adc.o(i.Chip_ADC_SetThrHighValue) for Chip_ADC_SetThrHighValue
    lpc112x_api_adc.o(i.adc_config) refers to adc_112x.o(i.Chip_ADC_SetSequencerBits) for Chip_ADC_SetSequencerBits
    lpc112x_api_adc.o(i.adc_poll_adc_ready) refers to lpc112x_api_adc.o(.data) for g_ADC_conv_chl_mask
    lpc112x_api_adc.o(i.adc_read_blocking) refers to lpc112x_api_adc.o(i.Chip_ADC_GetDataReg) for Chip_ADC_GetDataReg
    lpc112x_api_adc.o(i.adc_read_with_blocking) refers to lpc112x_api_adc.o(i.Chip_ADC_GetDataReg) for Chip_ADC_GetDataReg
    lpc112x_api_adc.o(i.adc_read_with_blocking) refers to lpc112x_api_adc.o(i.adc_read_blocking) for adc_read_blocking
    lpc112x_api_adc.o(i.adc_ready_isr_callback_register) refers to lpc112x_api_adc.o(.bss) for pFunc_ADC_Ready
    lpc112x_api_adc.o(i.adc_scan) refers to lpc112x_api_adc.o(i.Chip_ADC_GetDataReg) for Chip_ADC_GetDataReg
    lpc112x_api_adc.o(i.adc_scan) refers to lpc112x_api_adc.o(.data) for g_ADC_set_chl_mask
    lpc112x_api_adc.o(i.adc_scan) refers to lpc112x_api_adc.o(.bss) for pFunc_ADC_Ready
    lpc112x_api_adc.o(i.adc_start_non_blocking) refers to adc_112x.o(i.Chip_ADC_SetSequencerBits) for Chip_ADC_SetSequencerBits
    lpc112x_api_adc.o(i.adc_start_non_blocking) refers to lpc112x_api_adc.o(.data) for g_ADC_set_chl_mask
    lpc112x_api_adc.o(i.adc_thrhld_isr_callback_register) refers to lpc112x_api_adc.o(.bss) for pFunc_ADC_Thrd
[...]
    i.PIOINT3_IRQHandler                     0x00002a4c   Section        0  lpc112x_api_pin_int.o(i.PIOINT3_IRQHandler)
    i.Pin_Interrupt_Init                     0x00002ae0   Section        0  main.o(i.Pin_Interrupt_Init)
    i.Pwr_Tool_Com_Task                      0x00002bb0   Section        0  main.o(i.Pwr_Tool_Com_Task)
    i.Read_AFE_Infor                         0x00002bb4   Section        0  main.o(i.Read_AFE_Infor)
    i.Read_NTC_infor                         0x00002bec   Section        0  main.o(i.Read_NTC_infor)
    i.RingBuf_Copy                           0x00002c28   Section        0  ring_buffer.o(i.RingBuf_Copy)
    i.RingBuf_Free                           0x00002c3e   Section        0  ring_buffer.o(i.RingBuf_Free)
    i.RingBuf_GetUsedBytes                   0x00002c62   Section        0  ring_buffer.o(i.RingBuf_GetUsedBytes)
    i.RingBuf_Init                           0x00002c68   Section        0  ring_buffer.o(i.RingBuf_Init)
    i.RingBuf_Read                           0x00002c78   Section        0  ring_buffer.o(i.RingBuf_Read)
    i.RingBuf_Write                          0x00002c8e   Section        0  ring_buffer.o(i.RingBuf_Write)
    i.SysTick_Handler                        0x00002cf4   Section        0  lpc112x_api_sys_tick.o(i.SysTick_Handler)
    i.SystemCoreClockUpdate                  0x00002d0c   Section        0  chip_112x.o(i.SystemCoreClockUpdate)
    i.System_Tick_Init                       0x00002d1c   Section        0  main.o(i.System_Tick_Init)
    i.TIMER16_0_IRQHandler                   0x00002d30   Section        0  lpc112x_api_mrt.o(i.TIMER16_0_IRQHandler)
    i.TIMER16_1_IRQHandler                   0x00002d84   Section        0  lpc112x_api_mrt.o(i.TIMER16_1_IRQHandler)
    i.TIMER32_0_IRQHandler                   0x00002dd8   Section        0  lpc112x_api_mrt.o(i.TIMER32_0_IRQHandler)
    i.TIMER32_1_IRQHandler                   0x00002e08   Section        0  lpc112x_api_mrt.o(i.TIMER32_1_IRQHandler)
    i.UART1_IRQHandler                       0x00002e38   Section        0  lpc112x_api_uart.o(i.UART1_IRQHandler)
    i.UART2_IRQHandler                       0x00002e80   Section        0  lpc112x_api_uart.o(i.UART2_IRQHandler)
    i.UART_IRQHandler                        0x00002ec8   Section        0  lpc112x_api_uart.o(i.UART_IRQHandler)
    i.UART_Init                              0x00002f10   Section        0  main.o(i.UART_Init)
    i.__ARM_common_switch8                   0x00002f40   Section        0  lpc112x_api_adc.o(i.__ARM_common_switch8)
    i._prvRingBuf_Read                       0x00002f5c   Section        0  ring_buffer.o(i._prvRingBuf_Read)
    i._sys_exit                              0x00002fc2   Section        0  lpc112x_api_printf.o(i._sys_exit)
    i.adc_config                             0x00002fc8   Section        0  lpc112x_api_adc.o(i.adc_config)
    i.adc_read_blocking                      0x0000311c   Section        0  lpc112x_api_adc.o(i.adc_read_blocking)
    i.adc_ready_isr_callback_register        0x00003138   Section        0  lpc112x_api_adc.o(i.adc_ready_isr_callback_register)
    i.adc_scan                               0x00003144   Section        0  lpc112x_api_adc.o(i.adc_scan)
    adc_scan                                 0x00003145   Thumb Code   158  lpc112x_api_adc.o(i.adc_scan)
    i.adc_start_non_blocking                 0x000031f8   Section        0  lpc112x_api_adc.o(i.adc_start_non_blocking)
    i.cal_CheckSum                           0x00003228   Section        0  main.o(i.cal_CheckSum)
    i.calculate_soc                          0x00003254   Section        0  main.o(i.calculate_soc)
    i.calt_aver_cell_volt                    0x0000327c   Section        0  main.o(i.calt_aver_cell_volt)
    i.calt_max_cell_volt                     0x000032ee   Section        0  main.o(i.calt_max_cell_volt)
    i.calt_min_cell_volt                     0x00003318   Section        0  main.o(i.calt_min_cell_volt)
    i.charge_detect                          0x00003344   Section        0  main.o(i.charge_detect)
    i.check_max_min_cell_volt_mov_aver       0x000033bc   Section        0  main.o(i.check_max_min_cell_volt_mov_aver)
    i.chg_detect                             0x00003430   Section        0  main.o(i.chg_detect)
    i.dual_dsg_detec                         0x0000344c   Section        0  main.o(i.dual_dsg_detec)
    i.ferror                                 0x00003450   Section        0  lpc112x_api_printf.o(i.ferror)
    i.fputc                                  0x00003458   Section        0  lpc112x_api_printf.o(i.fputc)
    i.fuel_gauge_detect                      0x00003478   Section        0  main.o(i.fuel_gauge_detect)
    i.getCurState                            0x00003488   Section        0  i2c_112x.o(i.getCurState)
    getCurState                              0x00003489   Thumb Code    10  i2c_112x.o(i.getCurState)
    i.getUARTClockID                         0x00003494   Section        0  uart_112x.o(i.getUARTClockID)
    getUARTClockID                           0x00003495   Thumb Code    44  uart_112x.o(i.getUARTClockID)
    i.get_data_from_packet                   0x000034cc   Section        0  main.o(i.get_data_from_packet)
    i.get_soc                                0x00003500   Section        0  main.o(i.get_soc)
    i.get_temperature                        0x000035b4   Section        0  main.o(i.get_temperature)
    i.gpio_direction                         0x00003668   Section        0  lpc112x_api_gpio.o(i.gpio_direction)
    i.gpio_input                             0x000037f4   Section        0  lpc112x_api_gpio.o(i.gpio_input)
    i.gpio_output                            0x0000386c   Section        0  lpc112x_api_gpio.o(i.gpio_output)
    i.gpio_output_toggle                     0x0000394e   Section        0  lpc112x_api_gpio.o(i.gpio_output_toggle)
    i.gpio_pull_updown                       0x000039d8   Section        0  lpc112x_api_gpio.o(i.gpio_pull_updown)
    i.handleMasterXferState                  0x00003a28   Section        0  i2c_112x.o(i.handleMasterXferState)
    i.i2c_master_config                      0x00003b20   Section        0  lpc112x_api_i2c.o(i.i2c_master_config)
    i.i2c_pec_calc                           0x00003b78   Section        0  main.o(i.i2c_pec_calc)
    i.i2c_read_blocking                      0x00003bc0   Section        0  lpc112x_api_i2c.o(i.i2c_read_blocking)
    i.i2c_write_blocking                     0x00003c08   Section        0  lpc112x_api_i2c.o(i.i2c_write_blocking)
    i.load_detect                            0x00003c4c   Section        0  main.o(i.load_detect)
    i.main                                   0x00003c5c   Section        0  main.o(i.main)
    i.moving_average                         0x00003c9c   Section        0  main.o(i.moving_average)
    i.mrt2_irq_user                          0x00003ce2   Section        0  main.o(i.mrt2_irq_user)
    i.mrt3_irq_user                          0x00003ce6   Section        0  main.o(i.mrt3_irq_user)
    i.n_tech_data_handler                    0x00003cec   Section        0  main.o(i.n_tech_data_handler)
    i.n_tech_get_expected_op_code            0x00003e48   Section        0  main.o(i.n_tech_get_expected_op_code)
    i.n_tech_input_cmd_handler               0x00003e54   Section        0  main.o(i.n_tech_input_cmd_handler)
    i.n_tech_output_cmd_handler              0x000040c0   Section        0  main.o(i.n_tech_output_cmd_handler)
    i.n_tech_send_packet                     0x0000410c   Section        0  main.o(i.n_tech_send_packet)
    i.n_tech_set_BTname_cmd                  0x00004164   Section        0  main.o(i.n_tech_set_BTname_cmd)
    i.pin_int_config                         0x00004190   Section        0  lpc112x_api_pin_int.o(i.pin_int_config)
    i.pin_int_enable                         0x00004414   Section        0  lpc112x_api_pin_int.o(i.pin_int_enable)
    i.pin_isr_callback_register              0x00004464   Section        0  lpc112x_api_pin_int.o(i.pin_isr_callback_register)
    i.pinmodesetting                         0x00004470   Section        0  lpc112x_api_gpio.o(i.pinmodesetting)
    pinmodesetting                           0x00004471   Thumb Code    34  lpc112x_api_gpio.o(i.pinmodesetting)
    i.printf_config                          0x00004498   Section        0  lpc112x_api_printf.o(i.printf_config)
    i.read_AFE_Chip_Temp                     0x000045b4   Section        0  main.o(i.read_AFE_Chip_Temp)
    i.read_AFE_event                         0x000045e8   Section        0  main.o(i.read_AFE_event)
    i.read_cell_temp                         0x00004600   Section        0  main.o(i.read_cell_temp)
    i.read_cell_temperature                  0x0000460c   Section        0  main.o(i.read_cell_temperature)
    i.read_cell_vol                          0x00004650   Section        0  main.o(i.read_cell_vol)
    i.read_mosfet_temp                       0x0000468c   Section        0  main.o(i.read_mosfet_temp)
    i.read_mosfet_temperature                0x00004698   Section        0  main.o(i.read_mosfet_temperature)
    i.read_n_tech_data                       0x000046dc   Section        0  main.o(i.read_n_tech_data)
    i.read_pack_current                      0x00004774   Section        0  main.o(i.read_pack_current)
    i.read_pack_dsg_curr                     0x000047d0   Section        0  main.o(i.read_pack_dsg_curr)
    i.read_pack_dsg_current                  0x000047dc   Section        0  main.o(i.read_pack_dsg_current)
    i.read_pack_vol                          0x0000481c   Section        0  main.o(i.read_pack_vol)
    i.read_pack_volt                         0x00004874   Section        0  main.o(i.read_pack_volt)
    i.startSlaverXfer                        0x00004880   Section        0  i2c_112x.o(i.startSlaverXfer)
    startSlaverXfer                          0x00004881   Thumb Code    10  i2c_112x.o(i.startSlaverXfer)
    i.sys_tick_config                        0x0000488c   Section        0  lpc112x_api_sys_tick.o(i.sys_tick_config)
    i.sys_tick_count                         0x000048d4   Section        0  main.o(i.sys_tick_count)
    i.sys_tick_isr_callback_register         0x000048e0   Section        0  lpc112x_api_sys_tick.o(i.sys_tick_isr_callback_register)
    i.system_clock_init                      0x000048ec   Section        0  lpc112x_api_sys_clock.o(i.system_clock_init)
    i.task_scheduler                         0x00004910   Section        0  main.o(i.task_scheduler)
    i.task_tick                              0x00004978   Section        0  main.o(i.task_tick)
    i.timer_config                           0x000049ac   Section        0  lpc112x_api_mrt.o(i.timer_config)
    i.timer_enable                           0x00004a7c   Section        0  lpc112x_api_mrt.o(i.timer_enable)
    i.timer_isr_callback_register            0x00004b20   Section        0  lpc112x_api_mrt.o(i.timer_isr_callback_register)
    i.uart_DeleteRxBufferBytes               0x00004b2c   Section        0  lpc112x_api_uart.o(i.uart_DeleteRxBufferBytes)
    i.uart_ReadRxBufferOnly                  0x00004b48   Section        0  lpc112x_api_uart.o(i.uart_ReadRxBufferOnly)
    i.uart_config                            0x00004b68   Section        0  lpc112x_api_uart.o(i.uart_config)
    i.uart_get_rx_buffer_data_len            0x00004d68   Section        0  lpc112x_api_uart.o(i.uart_get_rx_buffer_data_len)
    i.uart_read_rx_buffer                    0x00004d84   Section        0  lpc112x_api_uart.o(i.uart_read_rx_buffer)
    i.uart_send_non_blocking                 0x00004db0   Section        0  lpc112x_api_uart.o(i.uart_send_non_blocking)
    i.uart_send_tx_ready_isr_callback_register 0x00004df8   Section        0  lpc112x_api_uart.o(i.uart_send_tx_ready_isr_callback_register)
    i.uart_tx_buff_emty                      0x00004e04   Section        0  lpc112x_api_uart.o(i.uart_tx_buff_emty)
    i.uart_tx_free                           0x00004e28   Section        0  main.o(i.uart_tx_free)
    x$fpl$drleqf                             0x00004e2c   Section      104  drlef.o(x$fpl$drleqf)
    .constdata                               0x00004e94   Section        8  lpc112x_api_sys_clock.o(.constdata)
    x$fpl$usenofp                            0x00004e94   Section        0  usenofp.o(x$fpl$usenofp)
    .constdata                               0x00004e9c   Section       64  clock_112x.o(.constdata)
    wdtOSCRate                               0x00004e9c   Data          64  clock_112x.o(.constdata)
    .constdata                               0x00004edc   Section      112  main.o(.constdata)
    .constdata                               0x00004f4c   Section      128  ddiv.o(.constdata)
    ddiv_reciptbl                            0x00004f4c   Data         128  ddiv.o(.constdata)
    .data                                    0x10000000   Section        4  lpc112x_api_adc.o(.data)
    g_ADC_set_chl_mask                       0x10000000   Data           2  lpc112x_api_adc.o(.data)
    g_ADC_conv_chl_mask                      0x10000002   Data           2  lpc112x_api_adc.o(.data)
    .data                                    0x10000004   Section      160  lpc112x_api_gpio.o(.data)
    .data                                    0x100000a4   Section       16  lpc112x_api_mrt.o(.data)
    .data                                    0x100000b4   Section       10  lpc112x_api_pin_int.o(.data)
    .data                                    0x100000c0   Section        4  lpc112x_api_sys_tick.o(.data)
    pFunc_sys_tick                           0x100000c0   Data           4  lpc112x_api_sys_tick.o(.data)
    .data                                    0x100000c4   Section       16  lpc112x_api_printf.o(.data)
    .data                                    0x100000d4   Section        4  chip_112x.o(.data)
    .data                                    0x100000d8   Section       28  i2c_112x.o(.data)
    i2c                                      0x100000d8   Data          28  i2c_112x.o(.data)
    .data                                    0x100000f4   Section      491  main.o(.data)
    index                                    0x100002b4   Data           4  main.o(.data)
    counter                                  0x100002b8   Data           2  main.o(.data)
    Shift_cnt                                0x100002ba   Data           1  main.o(.data)
    step_state                               0x100002bb   Data           1  main.o(.data)
    com_data                                 0x100002bc   Data           4  main.o(.data)
    chg_pinlvl_cnt                           0x100002c0   Data           1  main.o(.data)
    DOC_lvl1_Dual_Cnt                        0x100002c2   Data           2  main.o(.data)
    DOC_lvl2_Cnt                             0x100002c4   Data           2  main.o(.data)
    LTP_Cnt                                  0x100002c6   Data           2  main.o(.data)
    OTP_Cnt                                  0x100002c8   Data           2  main.o(.data)
    mosfet_otp_cnt                           0x100002ca   Data           2  main.o(.data)
    CV_Mode_cnt                              0x100002cc   Data           2  main.o(.data)
    FULL_Chg_cnt2                            0x100002d0   Data           4  main.o(.data)
    fg_cnt                                   0x100002d4   Data           1  main.o(.data)
    charg_ind_sta                            0x100002d5   Data           1  main.o(.data)
    set_name_flag                            0x100002d6   Data           1  main.o(.data)
    cell_cnt                                 0x100002d7   Data           1  main.o(.data)
    i                                        0x100002d8   Data           1  main.o(.data)
    Dly_to_Send_Data_cnt                     0x100002d9   Data           1  main.o(.data)
    Rd_info_Cnt                              0x100002da   Data           1  main.o(.data)
    Feed_WD_Cnt                              0x100002dc   Data           2  main.o(.data)
    Dsg_Starup_Flag                          0x100002de   Data           1  main.o(.data)
    .bss                                     0x100002e0   Section       72  lpc112x_api_adc.o(.bss)
    pFunc_ADC_Ready                          0x100002e0   Data          36  lpc112x_api_adc.o(.bss)
    pFunc_ADC_Thrd                           0x10000304   Data          36  lpc112x_api_adc.o(.bss)
    .bss                                     0x10000328   Section       16  lpc112x_api_mrt.o(.bss)
    pFunc_MRT                                0x10000328   Data          16  lpc112x_api_mrt.o(.bss)
    .bss                                     0x10000338   Section      160  lpc112x_api_pin_int.o(.bss)
    pFunc_PIN_INT                            0x10000338   Data         160  lpc112x_api_pin_int.o(.bss)
    .bss                                     0x100003d8   Section      132  lpc112x_api_uart.o(.bss)
    txring                                   0x100003d8   Data          60  lpc112x_api_uart.o(.bss)
    rxring                                   0x10000414   Data          60  lpc112x_api_uart.o(.bss)
    pfun_uart_tx_rdy_isr_user                0x10000450   Data          12  lpc112x_api_uart.o(.bss)
    .bss                                     0x1000045c   Section       24  lpc112x_api_i2c.o(.bss)
    i2cmXferRec                              0x1000045c   Data          24  lpc112x_api_i2c.o(.bss)
    .bss                                     0x10000474   Section      340  main.o(.bss)
    .bss                                     0x100005c8   Section       96  libspace.o(.bss)
    HEAP                                     0x10000628   Section      256  keil_startup_lpc112x.o(HEAP)
    Heap_Mem                                 0x10000628   Data         256  keil_startup_lpc112x.o(HEAP)
    STACK                                    0x10000728   Section      512  keil_startup_lpc112x.o(STACK)
    Stack_Mem                                0x10000728   Data         512  keil_startup_lpc112x.o(STACK)
    __initial_sp                             0x10000928   Data           0  keil_startup_lpc112x.o(STACK)

    Global Symbols

    Symbol Name                              Value     Ov Type        Size  Object(Section)

    BuildAttributes$$THM_ISAv3M$S$PE$A:L22$X:L11$S22$IEEE1$IW$USESV6$~STKCKD$USESV7$~SHL$OSPACE$ROPI$EBA8$UX$STANDARDLIB$REQ8$PRES8$EABIv2 0x00000000   Number         0  anon$$obj.o ABSOLUTE
    __ARM_use_no_argv                        0x00000000   Number         0  main.o ABSOLUTE
    __Vectors                                0x00000000   Data           4  keil_startup_lpc112x.o(RESET)
    __ARM_exceptions_init                     - Undefined Weak Reference
    __alloca_initialize                       - Undefined Weak Reference
    __arm_preinit_                            - Undefined Weak Reference
    __cpp_initialize__aeabi_                  - Undefined Weak Reference
    __cxa_finalize                            - Undefined Weak Reference
    __rt_locale                               - Undefined Weak Reference
    __sigvec_lookup                           - Undefined Weak Reference
    _atexit_init                              - Undefined Weak Reference
    _call_atexit_fns                          - Undefined Weak Reference
    _clock_init                               - Undefined Weak Reference
    _fp_trap_init                             - Undefined Weak Reference
    _fp_trap_shutdown                         - Undefined Weak Reference
    _get_lc_collate                           - Undefined Weak Reference
    _get_lc_ctype                             - Undefined Weak Reference
    _get_lc_monetary                          - Undefined Weak Reference
    _get_lc_numeric                           - Undefined Weak Reference
    _get_lc_time                              - Undefined Weak Reference
    _getenv_init                              - Undefined Weak Reference
    _handle_redirection                       - Undefined Weak Reference
    _init_alloc                               - Undefined Weak Reference
    _init_user_alloc                          - Undefined Weak Reference
    _initio                                   - Undefined Weak Reference
    _rand_init                                - Undefined Weak Reference
    _signal_finish                            - Undefined Weak Reference
    _signal_init                              - Undefined Weak Reference
    _terminate_alloc                          - Undefined Weak Reference
    _terminate_user_alloc                     - Undefined Weak Reference
    _terminateio                              - Undefined Weak Reference
    __main                                   0x000000c1   Thumb Code     8  __main.o(!!!main)
    __scatterload                            0x000000c9   Thumb Code     0  __scatter.o(!!!scatter)
    __scatterload_rt2                        0x000000c9   Thumb Code    52  __scatter.o(!!!scatter)
    __scatterload_rt2_thumb_only             0x000000c9   Thumb Code     0  __scatter.o(!!!scatter)
    __scatterload_null                       0x000000d9   Thumb Code     0  __scatter.o(!!!scatter)
    __scatterload_zeroinit                   0x00000105   Thumb Code    28  __scatter_zi.o(!!handler_zi)
    __rt_lib_init                            0x00000121   Thumb Code     0  libinit.o(.ARM.Collect$$libinit$$00000000)
    __rt_lib_init_alloca_1                   0x00000123   Thumb Code     0  libinit2.o(.ARM.Collect$$libinit$$0000002E)
    __rt_lib_init_argv_1                     0x00000123   Thumb Code     0  libinit2.o(.ARM.Collect$$libinit$$0000002C)
    __rt_lib_init_atexit_1                   0x00000123   Thumb Code     0  libinit2.o(.ARM.Collect$$libinit$$0000001B)
    __rt_lib_init_clock_1                    0x00000123   Thumb Code     0  libinit2.o(.ARM.Collect$$libinit$$00000021)
    __rt_lib_init_cpp_1                      0x00000123   Thumb Code     0  libinit2.o(.ARM.Collect$$libinit$$00000032)
    __rt_lib_init_exceptions_1               0x00000123   Thumb Code     0  libinit2.o(.ARM.Collect$$libinit$$00000030)
    __rt_lib_init_fp_1                       0x00000123   Thumb Code     0  libinit2.o(.ARM.Collect$$libinit$$00000002)
    __rt_lib_init_fp_trap_1                  0x00000123   Thumb Code     0  libinit2.o(.ARM.Collect$$libinit$$0000001F)
    __rt_lib_init_getenv_1                   0x00000123   Thumb Code     0  libinit2.o(.ARM.Collect$$libinit$$00000023)
    __rt_lib_init_heap_1                     0x00000123   Thumb Code     0  libinit2.o(.ARM.Collect$$libinit$$0000000A)
    __rt_lib_init_lc_collate_1               0x00000123   Thumb Code     0  libinit2.o(.ARM.Collect$$libinit$$00000011)
    __rt_lib_init_lc_ctype_1                 0x00000123   Thumb Code     0  libinit2.o(.ARM.Collect$$libinit$$00000013)
    __rt_lib_init_lc_monetary_1              0x00000123   Thumb Code     0  libinit2.o(.ARM.Collect$$libinit$$00000015)
    __rt_lib_init_lc_numeric_1               0x00000123   Thumb Code     0  libinit2.o(.ARM.Collect$$libinit$$00000017)
    __rt_lib_init_lc_time_1                  0x00000123   Thumb Code     0  libinit2.o(.ARM.Collect$$libinit$$00000019)
    __rt_lib_init_preinit_1                  0x00000123   Thumb Code     0  libinit2.o(.ARM.Collect$$libinit$$00000004)
    __rt_lib_init_rand_1                     0x00000123   Thumb Code     0  libinit2.o(.ARM.Collect$$libinit$$0000000E)
    __rt_lib_init_return                     0x00000123   Thumb Code     0  libinit2.o(.ARM.Collect$$libinit$$00000033)
    __rt_lib_init_signal_1                   0x00000123   Thumb Code     0  libinit2.o(.ARM.Collect$$libinit$$0000001D)
    __rt_lib_init_stdio_1                    0x00000123   Thumb Code     0  libinit2.o(.ARM.Collect$$libinit$$00000025)
    __rt_lib_init_user_alloc_1               0x00000123   Thumb Code     0  libinit2.o(.ARM.Collect$$libinit$$0000000C)
    __rt_lib_shutdown                        0x00000125   Thumb Code     0  libshutdown.o(.ARM.Collect$$libshutdown$$00000000)
    __rt_lib_shutdown_cpp_1                  0x00000127   Thumb Code     0  libshutdown2.o(.ARM.Collect$$libshutdown$$00000002)
    __rt_lib_shutdown_fp_trap_1              0x00000127   Thumb Code     0  libshutdown2.o(.ARM.Collect$$libshutdown$$00000007)
    __rt_lib_shutdown_heap_1                 0x00000127   Thumb Code     0  libshutdown2.o(.ARM.Collect$$libshutdown$$0000000F)
    __rt_lib_shutdown_return                 0x00000127   Thumb Code     0  libshutdown2.o(.ARM.Collect$$libshutdown$$00000010)
    __rt_lib_shutdown_signal_1               0x00000127   Thumb Code     0  libshutdown2.o(.ARM.Collect$$libshutdown$$0000000A)
    __rt_lib_shutdown_stdio_1                0x00000127   Thumb Code     0  libshutdown2.o(.ARM.Collect$$libshutdown$$00000004)
    __rt_lib_shutdown_user_alloc_1           0x00000127   Thumb Code     0  libshutdown2.o(.ARM.Collect$$libshutdown$$0000000C)
    __rt_entry                               0x00000129   Thumb Code     0  __rtentry.o(.ARM.Collect$$rtentry$$00000000)
    __rt_entry_presh_1                       0x00000129   Thumb Code     0  __rtentry2.o(.ARM.Collect$$rtentry$$00000002)
    __rt_entry_sh                            0x00000129   Thumb Code     0  __rtentry4.o(.ARM.Collect$$rtentry$$00000004)
    __rt_entry_li                            0x0000012f   Thumb Code     0  __rtentry2.o(.ARM.Collect$$rtentry$$0000000A)
    __rt_entry_postsh_1                      0x0000012f   Thumb Code     0  __rtentry2.o(.ARM.Collect$$rtentry$$00000009)
    __rt_entry_main                          0x00000133   Thumb Code     0  __rtentry2.o(.ARM.Collect$$rtentry$$0000000D)
    __rt_entry_postli_1                      0x00000133   Thumb Code     0  __rtentry2.o(.ARM.Collect$$rtentry$$0000000C)
    __rt_exit                                0x0000013b   Thumb Code     0  rtexit.o(.ARM.Collect$$rtexit$$00000000)
    __rt_exit_ls                             0x0000013d   Thumb Code     0  rtexit2.o(.ARM.Collect$$rtexit$$00000003)
    __rt_exit_prels_1                        0x0000013d   Thumb Code     0  rtexit2.o(.ARM.Collect$$rtexit$$00000002)
    __rt_exit_exit                           0x00000141   Thumb Code     0  rtexit2.o(.ARM.Collect$$rtexit$$00000004)
    __aeabi_memcpy4                          0x00000149   Thumb Code    56  rt_memcpy.o(.emb_text)
    __aeabi_memcpy8                          0x00000149   Thumb Code     0  rt_memcpy.o(.emb_text)
    Reset_Handler                            0x00000181   Thumb Code     4  keil_startup_lpc112x.o(.text)
    NMI_Handler                              0x00000185   Thumb Code     2  keil_startup_lpc112x.o(.text)
    HardFault_Handler                        0x00000187   Thumb Code     2  keil_startup_lpc112x.o(.text)
    MemManage_Handler                        0x00000189   Thumb Code     2  keil_startup_lpc112x.o(.text)
    BusFault_Handler                         0x0000018b   Thumb Code     2  keil_startup_lpc112x.o(.text)
    UsageFault_Handler                       0x0000018d   Thumb Code     2  keil_startup_lpc112x.o(.text)
    SVC_Handler                              0x0000018f   Thumb Code     2  keil_startup_lpc112x.o(.text)
    DebugMon_Handler                         0x00000191   Thumb Code     2  keil_startup_lpc112x.o(.text)
    PendSV_Handler                           0x00000193   Thumb Code     2  keil_startup_lpc112x.o(.text)
    Reserved_IRQHandler                      0x00000197   Thumb Code     2  keil_startup_lpc112x.o(.text)
    ADCB_IRQHandler                          0x00000199   Thumb Code     0  keil_startup_lpc112x.o(.text)
    BOD_IRQHandler                           0x00000199   Thumb Code     0  keil_startup_lpc112x.o(.text)
    I2C_IRQHandler                           0x00000199   Thumb Code     0  keil_startup_lpc112x.o(.text)
    SSP0_IRQHandler                          0x00000199   Thumb Code     0  keil_startup_lpc112x.o(.text)
    SSP1_IRQHandler                          0x00000199   Thumb Code     0  keil_startup_lpc112x.o(.text)
    WAKEUP_IRQHandler                        0x00000199   Thumb Code     0  keil_startup_lpc112x.o(.text)
    WDT_IRQHandler                           0x00000199   Thumb Code     0  keil_startup_lpc112x.o(.text)
    __user_initial_stackheap                 0x0000019d   Thumb Code     0  keil_startup_lpc112x.o(.text)
    __2printf                                0x000001bd   Thumb Code    22  noretval__2printf.o(.text)
    __aeabi_memcpy                           0x000001d9   Thumb Code   130  rt_memcpy.o(.text)
    __rt_memcpy                              0x000001d9   Thumb Code     0  rt_memcpy.o(.text)
    _memset_w                                0x0000025b   Thumb Code    26  rt_memclr.o(.text)
    _memset                                  0x00000275   Thumb Code    30  rt_memclr.o(.text)
    __aeabi_memclr                           0x00000293   Thumb Code     4  rt_memclr.o(.text)
    __rt_memclr                              0x00000293   Thumb Code     0  rt_memclr.o(.text)
    __aeabi_memclr4                          0x00000297   Thumb Code     0  rt_memclr.o(.text)
    __aeabi_memclr8                          0x00000297   Thumb Code     0  rt_memclr.o(.text)
    __rt_memclr_w                            0x00000297   Thumb Code     4  rt_memclr.o(.text)
    __use_two_region_memory                  0x0000029b   Thumb Code     2  heapauxi.o(.text)
    __rt_heap_escrow$2region                 0x0000029d   Thumb Code     2  heapauxi.o(.text)
    __rt_heap_expand$2region                 0x0000029f   Thumb Code     2  heapauxi.o(.text)
    __aeabi_i2d_normalise                    0x000002a1   Thumb Code    66  dflti.o(.text)
    __aeabi_i2d                              0x000002e3   Thumb Code    16  dflti.o(.text)
    _dflt                                    0x000002e3   Thumb Code     0  dflti.o(.text)
    __aeabi_ui2d                             0x000002f3   Thumb Code     6  dflti.o(.text)
    _dfltu                                   0x000002f3   Thumb Code     0  dflti.o(.text)
    Black_Box_Task                           0x000002f9   Thumb Code     2  main.o(i.Black_Box_Task)
    Debug_Task                               0x000002fb   Thumb Code     2  main.o(i.Debug_Task)
    __aeabi_uidiv                            0x00000301   Thumb Code     0  aeabi_sdiv.o(.text)
    __aeabi_uidivmod                         0x00000301   Thumb Code    20  aeabi_sdiv.o(.text)
    __aeabi_idiv                             0x00000315   Thumb Code     0  aeabi_sdiv.o(.text)
    __aeabi_idivmod                          0x00000315   Thumb Code   326  aeabi_sdiv.o(.text)
    __aeabi_ddiv                             0x0000045d   Thumb Code     0  ddiv.o(.text)
    _ddiv                                    0x0000045d   Thumb Code  1072  ddiv.o(.text)
    _drdiv                                   0x0000088d   Thumb Code    20  ddiv.o(.text)
    __aeabi_d2iz                             0x000008a5   Thumb Code     0  dfixi.o(.text)
    _dfix                                    0x000008a5   Thumb Code    98  dfixi.o(.text)
    _printf_char_file                        0x00000911   Thumb Code    34  _printf_char_file.o(.text)
    __fpl_dcmp_InfNaN                        0x00000939   Thumb Code   140  dcmpin.o(.text)
    _printf_char_common                      0x000009d3   Thumb Code    32  _printf_char_common.o(.text)
    __fpl_cmpreturn                          0x000009f9   Thumb Code    46  cmpret.o(.text)
    __fpl_dcheck_NaN2                        0x00000a29   Thumb Code    14  dnan2.o(.text)
    __user_setup_stackheap                   0x00000a3d   Thumb Code    62  sys_stackheap_outer.o(.text)
    __printf                                 0x00000a7b   Thumb Code    36  __printf_nopercent.o(.text)
    exit                                     0x00000a9f   Thumb Code    16  exit.o(.text)
    __fpl_return_NaN                         0x00000aaf   Thumb Code    94  retnan.o(.text)
    __user_libspace                          0x00000b0d   Thumb Code     8  libspace.o(.text)
    __user_perproc_libspace                  0x00000b0d   Thumb Code     0  libspace.o(.text)
    __user_perthread_libspace                0x00000b0d   Thumb Code     0  libspace.o(.text)
    __decompress                             0x00000b15   Thumb Code     0  __dczerorl2.o(.text)
    __decompress1                            0x00000b15   Thumb Code    86  __dczerorl2.o(.text)
    ADCA_IRQHandler                          0x00000b6d   Thumb Code    20  lpc112x_api_adc.o(i.ADCA_IRQHandler)
    ADC_Init                                 0x00000b85   Thumb Code    84  main.o(i.ADC_Init)
    AFE_Init                                 0x00000bed   Thumb Code    20  main.o(i.AFE_Init)
    AFE_read_register                        0x00000c09   Thumb Code    74  main.o(i.AFE_read_register)
    AFE_write_register                       0x00000c55   Thumb Code    84  main.o(i.AFE_write_register)
    A_Tech_36V_COM_Task                      0x00000cad   Thumb Code    68  main.o(i.A_Tech_36V_COM_Task)
    BMS_Task                                 0x00000d01   Thumb Code   224  main.o(i.BMS_Task)
    BT_N_Tech_Task                           0x00000e09   Thumb Code    44  main.o(i.BT_N_Tech_Task)
    Cal_Cell_Volt                            0x00000e39   Thumb Code    42  main.o(i.Cal_Cell_Volt)
    Charge_Data_Com                          0x00000e6d   Thumb Code   452  main.o(i.Charge_Data_Com)
    Charging_Control                         0x00001051   Thumb Code  1148  main.o(i.Charging_Control)
    CheckSum_check                           0x000014e1   Thumb Code    56  main.o(i.CheckSum_check)
    Chip_ADC_Init                            0x00001525   Thumb Code    38  adc_112x.o(i.Chip_ADC_Init)
    Chip_ADC_SetClockRate                    0x00001551   Thumb Code    46  adc_112x.o(i.Chip_ADC_SetClockRate)
    Chip_ADC_SetSequencerBits                0x0000157f   Thumb Code    32  adc_112x.o(i.Chip_ADC_SetSequencerBits)
    Chip_ADC_StartCalibration                0x000015bd   Thumb Code    42  adc_112x.o(i.Chip_ADC_StartCalibration)
    Chip_Clock_GetMainClockRate              0x00001601   Thumb Code    68  clock_112x.o(i.Chip_Clock_GetMainClockRate)
    Chip_Clock_GetSystemClockRate            0x0000165d   Thumb Code    20  clock_112x.o(i.Chip_Clock_GetSystemClockRate)
    Chip_Clock_GetSystemPLLInClockRate       0x00001675   Thumb Code    44  clock_112x.o(i.Chip_Clock_GetSystemPLLInClockRate)
    Chip_Clock_GetSystemPLLOutClockRate      0x000016ad   Thumb Code    20  clock_112x.o(i.Chip_Clock_GetSystemPLLOutClockRate)
    Chip_Clock_GetWDTOSCRate                 0x000016e5   Thumb Code    12  clock_112x.o(i.Chip_Clock_GetWDTOSCRate)
    Chip_Clock_SetMainClockSource            0x000016f5   Thumb Code    16  clock_112x.o(i.Chip_Clock_SetMainClockSource)
    Chip_Clock_SetSystemPLLSource            0x00001715   Thumb Code    16  clock_112x.o(i.Chip_Clock_SetSystemPLLSource)
    Chip_I2C_EventHandler                    0x0000182d   Thumb Code    34  i2c_112x.o(i.Chip_I2C_EventHandler)
    Chip_I2C_EventHandlerPolling             0x00001855   Thumb Code    54  i2c_112x.o(i.Chip_I2C_EventHandlerPolling)
    Chip_I2C_Init                            0x00001891   Thumb Code    92  i2c_112x.o(i.Chip_I2C_Init)
    Chip_I2C_IsStateChanged                  0x000018f5   Thumb Code    20  i2c_112x.o(i.Chip_I2C_IsStateChanged)
    Chip_I2C_MasterStateHandler              0x0000190d   Thumb Code    46  i2c_112x.o(i.Chip_I2C_MasterStateHandler)
    Chip_I2C_MasterTransfer                  0x00001941   Thumb Code   108  i2c_112x.o(i.Chip_I2C_MasterTransfer)
    Chip_I2C_SetClockRate                    0x000019b5   Thumb Code    56  i2c_112x.o(i.Chip_I2C_SetClockRate)
    Chip_I2C_SetMasterEventHandler           0x000019f1   Thumb Code    34  i2c_112x.o(i.Chip_I2C_SetMasterEventHandler)
    Chip_SYSCON_PowerDown                    0x00001a31   Thumb Code    22  syscon_112x.o(i.Chip_SYSCON_PowerDown)
    Chip_SYSCON_PowerUp                      0x00001a4d   Thumb Code    26  syscon_112x.o(i.Chip_SYSCON_PowerUp)
    Chip_SYSCON_SetWakeup                    0x00001a6d   Thumb Code    14  syscon_112x.o(i.Chip_SYSCON_SetWakeup)
    Chip_SetupIrcClocking                    0x00001a81   Thumb Code    98  sysinit_112x.o(i.Chip_SetupIrcClocking)
    Chip_TIMER_Init                          0x00001b21   Thumb Code    30  timer_112x.o(i.Chip_TIMER_Init)
    Chip_TIMER_Reset                         0x00001b61   Thumb Code    26  timer_112x.o(i.Chip_TIMER_Reset)
    Chip_UART_IRQRBHandler                   0x00001b9b   Thumb Code    54  uart_112x.o(i.Chip_UART_IRQRBHandler)
    Chip_UART_Init                           0x00001bd1   Thumb Code    46  uart_112x.o(i.Chip_UART_Init)
    Chip_UART_RXIntHandlerRB                 0x00001c0d   Thumb Code    44  uart_112x.o(i.Chip_UART_RXIntHandlerRB)
    Chip_UART_Send                           0x00001c3f   Thumb Code    46  uart_112x.o(i.Chip_UART_Send)
    Chip_UART_SendBlocking                   0x00001c6d   Thumb Code    46  uart_112x.o(i.Chip_UART_SendBlocking)
    Chip_UART_SendRB                         0x00001c9f   Thumb Code    70  uart_112x.o(i.Chip_UART_SendRB)
    Chip_UART_SetBaud                        0x00001ce5   Thumb Code    64  uart_112x.o(i.Chip_UART_SetBaud)
    Chip_UART_TXIntHandlerRB                 0x00001d2b   Thumb Code    64  uart_112x.o(i.Chip_UART_TXIntHandlerRB)
    DOC_detect                               0x00001d6d   Thumb Code    28  main.o(i.DOC_detect)
    D_Teck_Task                              0x00001d91   Thumb Code    86  main.o(i.D_Teck_Task)
    Debug_Interface_Init                     0x00001ded   Thumb Code    14  main.o(i.Debug_Interface_Init)
    Discharging_Control                      0x00001dfd   Thumb Code   622  main.o(i.Discharging_Control)
    Feed_Watchdog                            0x000020a5   Thumb Code    20  main.o(i.Feed_Watchdog)
    Func_Do_Avg                              0x000020bd   Thumb Code   112  main.o(i.Func_Do_Avg)
    GPIO_Init                                0x0000212d   Thumb Code   180  main.o(i.GPIO_Init)
    I2C_Init                                 0x000021e1   Thumb Code    22  main.o(i.I2C_Init)
    LED_Task                                 0x000021fd   Thumb Code   640  main.o(i.LED_Task)
    MRT_Init                                 0x000024ad   Thumb Code   102  main.o(i.MRT_Init)
    PIOINT0_IRQHandler                       0x0000261d   Thumb Code   364  lpc112x_api_pin_int.o(i.PIOINT0_IRQHandler)
    PIOINT1_IRQHandler                       0x00002795   Thumb Code   364  lpc112x_api_pin_int.o(i.PIOINT1_IRQHandler)
    PIOINT2_IRQHandler                       0x0000290d   Thumb Code   306  lpc112x_api_pin_int.o(i.PIOINT2_IRQHandler)
    PIOINT3_IRQHandler                       0x00002a4d   Thumb Code   136  lpc112x_api_pin_int.o(i.PIOINT3_IRQHandler)
    Pin_Interrupt_Init                       0x00002ae1   Thumb Code   182  main.o(i.Pin_Interrupt_Init)
    Pwr_Tool_Com_Task                        0x00002bb1   Thumb Code     2  main.o(i.Pwr_Tool_Com_Task)
    Read_AFE_Infor                           0x00002bb5   Thumb Code    50  main.o(i.Read_AFE_Infor)
    Read_NTC_infor                           0x00002bed   Thumb Code    56  main.o(i.Read_NTC_infor)
    RingBuf_Copy                             0x00002c29   Thumb Code    22  ring_buffer.o(i.RingBuf_Copy)
    RingBuf_Free                             0x00002c3f   Thumb Code    36  ring_buffer.o(i.RingBuf_Free)
    RingBuf_GetUsedBytes                     0x00002c63   Thumb Code     6  ring_buffer.o(i.RingBuf_GetUsedBytes)
    RingBuf_Init                             0x00002c69   Thumb Code    16  ring_buffer.o(i.RingBuf_Init)
    RingBuf_Read                             0x00002c79   Thumb Code    22  ring_buffer.o(i.RingBuf_Read)
    RingBuf_Write                            0x00002c8f   Thumb Code   100  ring_buffer.o(i.RingBuf_Write)
    SysTick_Handler                          0x00002cf5   Thumb Code    20  lpc112x_api_sys_tick.o(i.SysTick_Handler)
    SystemCoreClockUpdate                    0x00002d0d   Thumb Code    12  chip_112x.o(i.SystemCoreClockUpdate)
    System_Tick_Init                         0x00002d1d   Thumb Code    16  main.o(i.System_Tick_Init)
    TIMER16_0_IRQHandler                     0x00002d31   Thumb Code    68  lpc112x_api_mrt.o(i.TIMER16_0_IRQHandler)
    TIMER16_1_IRQHandler                     0x00002d85   Thumb Code    68  lpc112x_api_mrt.o(i.TIMER16_1_IRQHandler)
    TIMER32_0_IRQHandler                     0x00002dd9   Thumb Code    40  lpc112x_api_mrt.o(i.TIMER32_0_IRQHandler)
    TIMER32_1_IRQHandler                     0x00002e09   Thumb Code    40  lpc112x_api_mrt.o(i.TIMER32_1_IRQHandler)
    UART1_IRQHandler                         0x00002e39   Thumb Code    54  lpc112x_api_uart.o(i.UART1_IRQHandler)
    UART2_IRQHandler                         0x00002e81   Thumb Code    54  lpc112x_api_uart.o(i.UART2_IRQHandler)
    UART_IRQHandler                          0x00002ec9   Thumb Code    54  lpc112x_api_uart.o(i.UART_IRQHandler)
    UART_Init                                0x00002f11   Thumb Code    34  main.o(i.UART_Init)
    __ARM_common_switch8                     0x00002f41   Thumb Code    28  lpc112x_api_adc.o(i.__ARM_common_switch8)
    _prvRingBuf_Read                         0x00002f5d   Thumb Code   102  ring_buffer.o(i._prvRingBuf_Read)
    _sys_exit                                0x00002fc3   Thumb Code     6  lpc112x_api_printf.o(i._sys_exit)
    adc_config                               0x00002fc9   Thumb Code   318  lpc112x_api_adc.o(i.adc_config)
    adc_read_blocking                        0x0000311d   Thumb Code    22  lpc112x_api_adc.o(i.adc_read_blocking)
    adc_ready_isr_callback_register          0x00003139   Thumb Code     8  lpc112x_api_adc.o(i.adc_ready_isr_callback_register)
    adc_start_non_blocking                   0x000031f9   Thumb Code    38  lpc112x_api_adc.o(i.adc_start_non_blocking)
    cal_CheckSum                             0x00003229   Thumb Code    44  main.o(i.cal_CheckSum)
    calculate_soc                            0x00003255   Thumb Code    36  main.o(i.calculate_soc)
    calt_aver_cell_volt                      0x0000327d   Thumb Code   114  main.o(i.calt_aver_cell_volt)
    calt_max_cell_volt                       0x000032ef   Thumb Code    42  main.o(i.calt_max_cell_volt)
    calt_min_cell_volt                       0x00003319   Thumb Code    42  main.o(i.calt_min_cell_volt)
    charge_detect                            0x00003345   Thumb Code   104  main.o(i.charge_detect)
    check_max_min_cell_volt_mov_aver         0x000033bd   Thumb Code    84  main.o(i.check_max_min_cell_volt_mov_aver)
    chg_detect                               0x00003431   Thumb Code    22  main.o(i.chg_detect)
    dual_dsg_detec                           0x0000344d   Thumb Code     4  main.o(i.dual_dsg_detec)
    ferror                                   0x00003451   Thumb Code     8  lpc112x_api_printf.o(i.ferror)
    fputc                                    0x00003459   Thumb Code    28  lpc112x_api_printf.o(i.fputc)
    fuel_gauge_detect                        0x00003479   Thumb Code    10  main.o(i.fuel_gauge_detect)
    get_data_from_packet                     0x000034cd   Thumb Code    46  main.o(i.get_data_from_packet)
    get_soc                                  0x00003501   Thumb Code   166  main.o(i.get_soc)
    get_temperature                          0x000035b5   Thumb Code   162  main.o(i.get_temperature)
    gpio_direction                           0x00003669   Thumb Code   388  lpc112x_api_gpio.o(i.gpio_direction)
    gpio_input                               0x000037f5   Thumb Code   120  lpc112x_api_gpio.o(i.gpio_input)
    gpio_output                              0x0000386d   Thumb Code   226  lpc112x_api_gpio.o(i.gpio_output)
    gpio_output_toggle                       0x0000394f   Thumb Code   138  lpc112x_api_gpio.o(i.gpio_output_toggle)
    gpio_pull_updown                         0x000039d9   Thumb Code    74  lpc112x_api_gpio.o(i.gpio_pull_updown)
    handleMasterXferState                    0x00003a29   Thumb Code   246  i2c_112x.o(i.handleMasterXferState)
    i2c_master_config                        0x00003b21   Thumb Code    78  lpc112x_api_i2c.o(i.i2c_master_config)
    i2c_pec_calc                             0x00003b79   Thumb Code    66  main.o(i.i2c_pec_calc)
    i2c_read_blocking                        0x00003bc1   Thumb Code    68  lpc112x_api_i2c.o(i.i2c_read_blocking)
    i2c_write_blocking                       0x00003c09   Thumb Code    62  lpc112x_api_i2c.o(i.i2c_write_blocking)
    load_detect                              0x00003c4d   Thumb Code    10  main.o(i.load_detect)
    main                                     0x00003c5d   Thumb Code    50  main.o(i.main)
    moving_average                           0x00003c9d   Thumb Code    70  main.o(i.moving_average)
    mrt2_irq_user                            0x00003ce3   Thumb Code     4  main.o(i.mrt2_irq_user)
    mrt3_irq_user                            0x00003ce7   Thumb Code     4  main.o(i.mrt3_irq_user)
    n_tech_data_handler                      0x00003ced   Thumb Code   330  main.o(i.n_tech_data_handler)
    n_tech_get_expected_op_code              0x00003e49   Thumb Code     6  main.o(i.n_tech_get_expected_op_code)
    n_tech_input_cmd_handler                 0x00003e55   Thumb Code   596  main.o(i.n_tech_input_cmd_handler)
    n_tech_output_cmd_handler                0x000040c1   Thumb Code    68  main.o(i.n_tech_output_cmd_handler)
    n_tech_send_packet                       0x0000410d   Thumb Code    76  main.o(i.n_tech_send_packet)
    n_tech_set_BTname_cmd                    0x00004165   Thumb Code    34  main.o(i.n_tech_set_BTname_cmd)
    pin_int_config                           0x00004191   Thumb Code   618  lpc112x_api_pin_int.o(i.pin_int_config)
    pin_int_enable                           0x00004415   Thumb Code    74  lpc112x_api_pin_int.o(i.pin_int_enable)
    pin_isr_callback_register                0x00004465   Thumb Code     8  lpc112x_api_pin_int.o(i.pin_isr_callback_register)
    printf_config                            0x00004499   Thumb Code   262  lpc112x_api_printf.o(i.printf_config)
    read_AFE_Chip_Temp                       0x000045b5   Thumb Code    48  main.o(i.read_AFE_Chip_Temp)
    read_AFE_event                           0x000045e9   Thumb Code    20  main.o(i.read_AFE_event)
    read_cell_temp                           0x00004601   Thumb Code     8  main.o(i.read_cell_temp)
    read_cell_temperature                    0x0000460d   Thumb Code    56  main.o(i.read_cell_temperature)
    read_cell_vol                            0x00004651   Thumb Code    52  main.o(i.read_cell_vol)
    read_mosfet_temp                         0x0000468d   Thumb Code     8  main.o(i.read_mosfet_temp)
    read_mosfet_temperature                  0x00004699   Thumb Code    56  main.o(i.read_mosfet_temperature)
    read_n_tech_data                         0x000046dd   Thumb Code   148  main.o(i.read_n_tech_data)
    read_pack_current                        0x00004775   Thumb Code    80  main.o(i.read_pack_current)
    read_pack_dsg_curr                       0x000047d1   Thumb Code     8  main.o(i.read_pack_dsg_curr)
    read_pack_dsg_current                    0x000047dd   Thumb Code    50  main.o(i.read_pack_dsg_current)
    read_pack_vol                            0x0000481d   Thumb Code    80  main.o(i.read_pack_vol)
    read_pack_volt                           0x00004875   Thumb Code     8  main.o(i.read_pack_volt)
    sys_tick_config                          0x0000488d   Thumb Code    60  lpc112x_api_sys_tick.o(i.sys_tick_config)
    sys_tick_count                           0x000048d5   Thumb Code    12  main.o(i.sys_tick_count)
    sys_tick_isr_callback_register           0x000048e1   Thumb Code     6  lpc112x_api_sys_tick.o(i.sys_tick_isr_callback_register)
    system_clock_init                        0x000048ed   Thumb Code    30  lpc112x_api_sys_clock.o(i.system_clock_init)
    task_scheduler                           0x00004911   Thumb Code    98  main.o(i.task_scheduler)
    task_tick                                0x00004979   Thumb Code    46  main.o(i.task_tick)
    timer_config                             0x000049ad   Thumb Code   180  lpc112x_api_mrt.o(i.timer_config)
    timer_enable                             0x00004a7d   Thumb Code   138  lpc112x_api_mrt.o(i.timer_enable)
    timer_isr_callback_register              0x00004b21   Thumb Code     8  lpc112x_api_mrt.o(i.timer_isr_callback_register)
    uart_DeleteRxBufferBytes                 0x00004b2d   Thumb Code    22  lpc112x_api_uart.o(i.uart_DeleteRxBufferBytes)
    uart_ReadRxBufferOnly                    0x00004b49   Thumb Code    26  lpc112x_api_uart.o(i.uart_ReadRxBufferOnly)
    uart_config                              0x00004b69   Thumb Code   482  lpc112x_api_uart.o(i.uart_config)
    uart_get_rx_buffer_data_len              0x00004d69   Thumb Code    24  lpc112x_api_uart.o(i.uart_get_rx_buffer_data_len)
    uart_read_rx_buffer                      0x00004d85   Thumb Code    38  lpc112x_api_uart.o(i.uart_read_rx_buffer)
    uart_send_non_blocking                   0x00004db1   Thumb Code    56  lpc112x_api_uart.o(i.uart_send_non_blocking)
    uart_send_tx_ready_isr_callback_register 0x00004df9   Thumb Code     8  lpc112x_api_uart.o(i.uart_send_tx_ready_isr_callback_register)
    uart_tx_buff_emty                        0x00004e05   Thumb Code    32  lpc112x_api_uart.o(i.uart_tx_buff_emty)
    uart_tx_free                             0x00004e29   Thumb Code     4  main.o(i.uart_tx_free)
    __aeabi_cdrcmple                         0x00004e2d   Thumb Code     0  drlef.o(x$fpl$drleqf)
    _drcmple                                 0x00004e2d   Thumb Code   100  drlef.o(x$fpl$drleqf)
    OscRateIn                                0x00004e94   Data           4  lpc112x_api_sys_clock.o(.constdata)
    __I$use$fp                               0x00004e94   Number         0  usenofp.o(x$fpl$usenofp)
    ExtRateIn                                0x00004e98   Data           4  lpc112x_api_sys_clock.o(.constdata)
    SOC_ARRAY                                0x00004edc   Data          84  main.o(.constdata)
    Region$$Table$$Base                      0x00004fcc   Number         0  anon$$obj.o(Region$$Table)
    Region$$Table$$Limit                     0x00004fec   Number         0  anon$$obj.o(Region$$Table)
    iocon_pin_val                            0x10000004   Data         160  lpc112x_api_gpio.o(.data)
    timer16_0_count                          0x100000a4   Data           4  lpc112x_api_mrt.o(.data)
    timer16_1_count                          0x100000a8   Data           4  lpc112x_api_mrt.o(.data)
    temp_interval_16B0                       0x100000ac   Data           4  lpc112x_api_mrt.o(.data)
    temp_interval_16B1                       0x100000b0   Data           4  lpc112x_api_mrt.o(.data)
    GPIO_port                                0x100000b4   Data           1  lpc112x_api_pin_int.o(.data)
    pinMask                                  0x100000b8   Data           4  lpc112x_api_pin_int.o(.data)
    IRQ_flag                                 0x100000bc   Data           2  lpc112x_api_pin_int.o(.data)
    printf_uart_no                           0x100000c4   Data           4  lpc112x_api_printf.o(.data)
    __stdout                                 0x100000c8   Data           4  lpc112x_api_printf.o(.data)
    __stdin                                  0x100000cc   Data           4  lpc112x_api_printf.o(.data)
    __stderr                                 0x100000d0   Data           4  lpc112x_api_printf.o(.data)
    SystemCoreClock                          0x100000d4   Data           4  chip_112x.o(.data)
    g_op_code_wait_for_response              0x100000f4   Data           2  main.o(.data)
    mov_buff_max_cell_Volt_index             0x100000f6   Data           1  main.o(.data)
    mov_buff_min_cell_Volt_index             0x100000f7   Data           1  main.o(.data)
    mov_buff_max_cell_Volt_result            0x100000f8   Data           2  main.o(.data)
    mov_buff_min_cell_Volt_result            0x100000fa   Data           2  main.o(.data)
    NTC_array                                0x100000fc   Data         240  main.o(.data)
    task_array                               0x100001ec   Data         108  main.o(.data)
    CHG_Com_Data                             0x10000258   Data           7  main.o(.data)
    Cell_Para                                0x10000260   Data           8  main.o(.data)
    SEND_SEQ                                 0x10000268   Data           1  main.o(.data)
    CHG_STAT                                 0x10000269   Data           1  main.o(.data)
    DSG_STAT                                 0x1000026a   Data           1  main.o(.data)
    g_DOC_SHORT_Detect                       0x1000026b   Data           1  main.o(.data)
    g_Dsg_Detection                          0x1000026c   Data           1  main.o(.data)
    g_Chg_Det_cnt                            0x1000026d   Data           1  main.o(.data)
    g_Chg_Detection                          0x1000026e   Data           1  main.o(.data)
    g_Fuel_Gauge_Detect                      0x1000026f   Data           1  main.o(.data)
    g_Pack_Dsg_Curr_adc_flag                 0x10000270   Data           1  main.o(.data)
    g_Cell_Temp_adc_flag                     0x10000271   Data           1  main.o(.data)
    g_Mosfet_Temp_adc_flag                   0x10000272   Data           1  main.o(.data)
    g_Pack_Volt_adc_flag                     0x10000273   Data           1  main.o(.data)
    g_i2c_checksum                           0x10000274   Data           1  main.o(.data)
    charging_state                           0x10000275   Data           1  main.o(.data)
    discharging_sta                          0x10000276   Data           1  main.o(.data)
    uart_BT                                  0x10000278   Data          24  main.o(.data)
    uart_D_Tech                              0x10000290   Data          24  main.o(.data)
    Ryobi_pack                               0x100002a8   Data          11  main.o(.data)
    g_input_cmd                              0x10000474   Data          18  main.o(.bss)
    g_output_cmd                             0x10000486   Data          18  main.o(.bss)
    mov_buff_max_cell_Volt                   0x10000498   Data          60  main.o(.bss)
    mov_buff_min_cell_Volt                   0x100004d4   Data          60  main.o(.bss)
    bms_log_info                             0x10000510   Data          12  main.o(.bss)
    Sys_Info                                 0x1000051c   Data          44  main.o(.bss)
    BT_txbuff                                0x10000548   Data          32  main.o(.bss)
    BT_rxbuff                                0x10000568   Data          32  main.o(.bss)
    D_Tech_txbuff                            0x10000588   Data          32  main.o(.bss)
    D_Tech_rxbuff                            0x100005a8   Data          32  main.o(.bss)
    __libspace_start                         0x100005c8   Data          96  libspace.o(.bss)
    __temporary_stack_top$libspace           0x10000628   Data           0  libspace.o(.bss)



==============================================================================

Memory Map of the image

  Image Entry point : 0x000000c1

  Load Region LR_IROM1 (Base: 0x00000000, Size: 0x000052cc, Max: 0x00010000, ABSOLUTE, COMPRESSED[0x00005154])

    Execution Region ER_IROM1 (Exec base: 0x00000000, Load base: 0x00000000, Size: 0x00004fec, Max: 0x00010000, ABSOLUTE)

    Exec Addr    Load Addr    Size         Type   Attr      Idx    E Section Name        Object

    0x00000000   0x00000000   0x000000c0   Data   RO            3    RESET               keil_startup_lpc112x.o
    0x000000c0   0x000000c0   0x00000008   Code   RO         2634  * !!!main             c_p.l(__main.o)
    0x000000c8   0x000000c8   0x0000003c   Code   RO         2831    !!!scatter          c_p.l(__scatter.o)
    0x00000104   0x00000104   0x0000001c   Code   RO         2833    !!handler_zi        c_p.l(__scatter_zi.o)
    0x00000120   0x00000120   0x00000002   Code   RO         2698    .ARM.Collect$$libinit$$00000000  c_p.l(libinit.o)
    0x00000122   0x00000122   0x00000000   Code   RO         2714    .ARM.Collect$$libinit$$00000002  c_p.l(libinit2.o)
    0x00000122   0x00000122   0x00000000   Code   RO         2716    .ARM.Collect$$libinit$$00000004  c_p.l(libinit2.o)
    0x00000122   0x00000122   0x00000000   Code   RO         2719    .ARM.Collect$$libinit$$0000000A  c_p.l(libinit2.o)
    0x00000122   0x00000122   0x00000000   Code   RO         2721    .ARM.Collect$$libinit$$0000000C  c_p.l(libinit2.o)
    0x00000122   0x00000122   0x00000000   Code   RO         2723    .ARM.Collect$$libinit$$0000000E  c_p.l(libinit2.o)
    0x00000122   0x00000122   0x00000000   Code   RO         2726    .ARM.Collect$$libinit$$00000011  c_p.l(libinit2.o)
    0x00000122   0x00000122   0x00000000   Code   RO         2728    .ARM.Collect$$libinit$$00000013  c_p.l(libinit2.o)
    0x00000122   0x00000122   0x00000000   Code   RO         2730    .ARM.Collect$$libinit$$00000015  c_p.l(libinit2.o)
    0x00000122   0x00000122   0x00000000   Code   RO         2732    .ARM.Collect$$libinit$$00000017  c_p.l(libinit2.o)
    0x00000122   0x00000122   0x00000000   Code   RO         2734    .ARM.Collect$$libinit$$00000019  c_p.l(libinit2.o)
    0x00000122   0x00000122   0x00000000   Code   RO         2736    .ARM.Collect$$libinit$$0000001B  c_p.l(libinit2.o)
    0x00000122   0x00000122   0x00000000   Code   RO         2738    .ARM.Collect$$libinit$$0000001D  c_p.l(libinit2.o)
    0x00000122   0x00000122   0x00000000   Code   RO         2740    .ARM.Collect$$libinit$$0000001F  c_p.l(libinit2.o)
    0x00000122   0x00000122   0x00000000   Code   RO         2742    .ARM.Collect$$libinit$$00000021  c_p.l(libinit2.o)
    0x00000122   0x00000122   0x00000000   Code   RO         2744    .ARM.Collect$$libinit$$00000023  c_p.l(libinit2.o)
    0x00000122   0x00000122   0x00000000   Code   RO         2746    .ARM.Collect$$libinit$$00000025  c_p.l(libinit2.o)
    0x00000122   0x00000122   0x00000000   Code   RO         2750    .ARM.Collect$$libinit$$0000002C  c_p.l(libinit2.o)
    0x00000122   0x00000122   0x00000000   Code   RO         2752    .ARM.Collect$$libinit$$0000002E  c_p.l(libinit2.o)
    0x00000122   0x00000122   0x00000000   Code   RO         2754    .ARM.Collect$$libinit$$00000030  c_p.l(libinit2.o)
    0x00000122   0x00000122   0x00000000   Code   RO         2756    .ARM.Collect$$libinit$$00000032  c_p.l(libinit2.o)
    0x00000122   0x00000122   0x00000002   Code   RO         2757    .ARM.Collect$$libinit$$00000033  c_p.l(libinit2.o)
    0x00000124   0x00000124   0x00000002   Code   RO         2783    .ARM.Collect$$libshutdown$$00000000  c_p.l(libshutdown.o)
    0x00000126   0x00000126   0x00000000   Code   RO         2812    .ARM.Collect$$libshutdown$$00000002  c_p.l(libshutdown2.o)
    0x00000126   0x00000126   0x00000000   Code   RO         2814    .ARM.Collect$$libshutdown$$00000004  c_p.l(libshutdown2.o)
    0x00000126   0x00000126   0x00000000   Code   RO         2817    .ARM.Collect$$libshutdown$$00000007  c_p.l(libshutdown2.o)
    0x00000126   0x00000126   0x00000000   Code   RO         2820    .ARM.Collect$$libshutdown$$0000000A  c_p.l(libshutdown2.o)
    0x00000126   0x00000126   0x00000000   Code   RO         2822    .ARM.Collect$$libshutdown$$0000000C  c_p.l(libshutdown2.o)
    0x00000126   0x00000126   0x00000000   Code   RO         2825    .ARM.Collect$$libshutdown$$0000000F  c_p.l(libshutdown2.o)
    0x00000126   0x00000126   0x00000002   Code   RO         2826    .ARM.Collect$$libshutdown$$00000010  c_p.l(libshutdown2.o)
    0x00000128   0x00000128   0x00000000   Code   RO         2645    .ARM.Collect$$rtentry$$00000000  c_p.l(__rtentry.o)
    0x00000128   0x00000128   0x00000000   Code   RO         2660    .ARM.Collect$$rtentry$$00000002  c_p.l(__rtentry2.o)
    0x00000128   0x00000128   0x00000006   Code   RO         2672    .ARM.Collect$$rtentry$$00000004  c_p.l(__rtentry4.o)
    0x0000012e   0x0000012e   0x00000000   Code   RO         2662    .ARM.Collect$$rtentry$$00000009  c_p.l(__rtentry2.o)
    0x0000012e   0x0000012e   0x00000004   Code   RO         2663    .ARM.Collect$$rtentry$$0000000A  c_p.l(__rtentry2.o)
    0x00000132   0x00000132   0x00000000   Code   RO         2665    .ARM.Collect$$rtentry$$0000000C  c_p.l(__rtentry2.o)
    0x00000132   0x00000132   0x00000008   Code   RO         2666    .ARM.Collect$$rtentry$$0000000D  c_p.l(__rtentry2.o)
    0x0000013a   0x0000013a   0x00000002   Code   RO         2705    .ARM.Collect$$rtexit$$00000000  c_p.l(rtexit.o)
    0x0000013c   0x0000013c   0x00000000   Code   RO         2759    .ARM.Collect$$rtexit$$00000002  c_p.l(rtexit2.o)
    0x0000013c   0x0000013c   0x00000004   Code   RO         2760    .ARM.Collect$$rtexit$$00000003  c_p.l(rtexit2.o)
    0x00000140   0x00000140   0x00000006   Code   RO         2761    .ARM.Collect$$rtexit$$00000004  c_p.l(rtexit2.o)
    0x00000146   0x00000146   0x00000002   PAD
    0x00000148   0x00000148   0x00000038   Code   RO         2622    .emb_text           c_p.l(rt_memcpy.o)
    0x00000180   0x00000180   0x0000003c   Code   RO            5    .text               keil_startup_lpc112x.o
    0x000001bc   0x000001bc   0x0000001c   Code   RO         2620    .text               c_p.l(noretval__2printf.o)
    0x000001d8   0x000001d8   0x00000082   Code   RO         2623    .text               c_p.l(rt_memcpy.o)
    0x0000025a   0x0000025a   0x00000040   Code   RO         2626    .text               c_p.l(rt_memclr.o)
    0x0000029a   0x0000029a   0x00000006   Code   RO         2632    .text               c_p.l(heapauxi.o)
    0x000002a0   0x000002a0   0x00000058   Code   RO         2641    .text               fz_ps.l(dflti.o)
    0x000002f8   0x000002f8   0x00000002   Code   RO         2164    i.Black_Box_Task    main.o
    0x000002fa   0x000002fa   0x00000002   Code   RO         2172    i.Debug_Task        main.o
    0x000002fc   0x000002fc   0x00000004   Code   RO            4    .ARM.__at_0x02FC    keil_startup_lpc112x.o
    0x00000300   0x00000300   0x0000015a   Code   RO         2628    .text               c_p.l(aeabi_sdiv.o)
    0x0000045a   0x0000045a   0x00000002   PAD
    0x0000045c   0x0000045c   0x00000448   Code   RO         2636    .text               fz_ps.l(ddiv.o)
    0x000008a4   0x000008a4   0x0000006c   Code   RO         2639    .text               fz_ps.l(dfixi.o)
    0x00000910   0x00000910   0x00000028   Code   RO         2654    .text               c_p.l(_printf_char_file.o)
    0x00000938   0x00000938   0x00000090   Code   RO         2656    .text               fz_ps.l(dcmpin.o)
    0x000009c8   0x000009c8   0x00000030   Code   RO         2676    .text               c_p.l(_printf_char_common.o)
    0x000009f8   0x000009f8   0x0000002e   Code   RO         2678    .text               fz_ps.l(cmpret.o)
    0x00000a26   0x00000a26   0x00000002   PAD
    0x00000a28   0x00000a28   0x00000014   Code   RO         2680    .text               fz_ps.l(dnan2.o)
    0x00000a3c   0x00000a3c   0x0000003e   Code   RO         2682    .text               c_p.l(sys_stackheap_outer.o)
    0x00000a7a   0x00000a7a   0x00000024   Code   RO         2685    .text               c_p.l(__printf_nopercent.o)
    0x00000a9e   0x00000a9e   0x00000010   Code   RO         2687    .text               c_p.l(exit.o)
    0x00000aae   0x00000aae   0x0000005e   Code   RO         2699    .text               fz_ps.l(retnan.o)
    0x00000b0c   0x00000b0c   0x00000008   Code   RO         2701    .text               c_p.l(libspace.o)
    0x00000b14   0x00000b14   0x00000056   Code   RO         2829    .text               c_p.l(__dczerorl2.o)
    0x00000b6a   0x00000b6a   0x00000002   PAD
    0x00000b6c   0x00000b6c   0x00000018   Code   RO          137    i.ADCA_IRQHandler   lpc112x_api_adc.o
    0x00000b84   0x00000b84   0x00000068   Code   RO         2157    i.ADC_Init          main.o
    0x00000bec   0x00000bec   0x0000001c   Code   RO         2158    i.AFE_Init          main.o
    0x00000c08   0x00000c08   0x0000004a   Code   RO         2159    i.AFE_read_register  main.o
    0x00000c52   0x00000c52   0x00000002   PAD
    0x00000c54   0x00000c54   0x00000058   Code   RO         2160    i.AFE_write_register  main.o
    0x00000cac   0x00000cac   0x00000054   Code   RO         2161    i.A_Tech_36V_COM_Task  main.o
    0x00000d00   0x00000d00   0x00000108   Code   RO         2162    i.BMS_Task          main.o
    0x00000e08   0x00000e08   0x00000030   Code   RO         2163    i.BT_N_Tech_Task    main.o
    0x00000e38   0x00000e38   0x00000034   Code   RO         2165    i.Cal_Cell_Volt     main.o
    0x00000e6c   0x00000e6c   0x000001e4   Code   RO         2166    i.Charge_Data_Com   main.o
    0x00001050   0x00001050   0x00000490   Code   RO         2167    i.Charging_Control  main.o
    0x000014e0   0x000014e0   0x00000038   Code   RO         2168    i.CheckSum_check    main.o
    0x00001518   0x00001518   0x0000000c   Code   RO          138    i.Chip_ADC_GetDataReg  lpc112x_api_adc.o
    0x00001524   0x00001524   0x0000002c   Code   RO          784    i.Chip_ADC_Init     adc_112x.o
    0x00001550   0x00001550   0x0000002e   Code   RO          787    i.Chip_ADC_SetClockRate  adc_112x.o
    0x0000157e   0x0000157e   0x00000020   Code   RO          789    i.Chip_ADC_SetSequencerBits  adc_112x.o
    0x0000159e   0x0000159e   0x0000000e   Code   RO          139    i.Chip_ADC_SetThrHighValue  lpc112x_api_adc.o
    0x000015ac   0x000015ac   0x0000000e   Code   RO          140    i.Chip_ADC_SetThrLowValue  lpc112x_api_adc.o
    0x000015ba   0x000015ba   0x00000002   PAD
    0x000015bc   0x000015bc   0x00000030   Code   RO          792    i.Chip_ADC_StartCalibration  adc_112x.o
    0x000015ec   0x000015ec   0x00000014   Code   RO          245    i.Chip_Clock_EnablePeriphClock  lpc112x_api_gpio.o
    0x00001600   0x00001600   0x0000004c   Code   RO          984    i.Chip_Clock_GetMainClockRate  clock_112x.o
    0x0000164c   0x0000164c   0x0000000e   Code   RO          985    i.Chip_Clock_GetPLLFreq  clock_112x.o
    0x0000165a   0x0000165a   0x00000002   PAD
    0x0000165c   0x0000165c   0x00000018   Code   RO          986    i.Chip_Clock_GetSystemClockRate  clock_112x.o
    0x00001674   0x00001674   0x00000038   Code   RO          987    i.Chip_Clock_GetSystemPLLInClockRate  clock_112x.o
    0x000016ac   0x000016ac   0x00000018   Code   RO          988    i.Chip_Clock_GetSystemPLLOutClockRate  clock_112x.o
    0x000016c4   0x000016c4   0x00000020   Code   RO          989    i.Chip_Clock_GetWDTLFORate  clock_112x.o
    0x000016e4   0x000016e4   0x00000010   Code   RO          990    i.Chip_Clock_GetWDTOSCRate  clock_112x.o
    0x000016f4   0x000016f4   0x00000014   Code   RO          992    i.Chip_Clock_SetMainClockSource  clock_112x.o
    0x00001708   0x00001708   0x0000000c   Code   RO         1728    i.Chip_Clock_SetSysClockDiv  sysinit_112x.o
    0x00001714   0x00001714   0x00000014   Code   RO          994    i.Chip_Clock_SetSystemPLLSource  clock_112x.o
    0x00001728   0x00001728   0x00000014   Code   RO         1729    i.Chip_Clock_SetupSystemPLL  sysinit_112x.o
    0x0000173c   0x0000173c   0x00000018   Code   RO         1730    i.Chip_FMC_SetFLASHAccess  sysinit_112x.o
    0x00001754   0x00001754   0x00000010   Code   RO          406    i.Chip_GPIO_ClearInts  lpc112x_api_pin_int.o
    0x00001764   0x00001764   0x00000010   Code   RO          407    i.Chip_GPIO_GetMaskedInts  lpc112x_api_pin_int.o
    0x00001774   0x00001774   0x0000001e   Code   RO          408    i.Chip_GPIO_SetModeHigh  lpc112x_api_pin_int.o
    0x00001792   0x00001792   0x0000001e   Code   RO          409    i.Chip_GPIO_SetModeLow  lpc112x_api_pin_int.o
    0x000017b0   0x000017b0   0x00000022   Code   RO          246    i.Chip_GPIO_SetPinDIRInput  lpc112x_api_gpio.o
    0x000017d2   0x000017d2   0x00000022   Code   RO          247    i.Chip_GPIO_SetPinDIROutput  lpc112x_api_gpio.o
    0x000017f4   0x000017f4   0x00000014   Code   RO          248    i.Chip_GPIO_SetPinState  lpc112x_api_gpio.o
    0x00001808   0x00001808   0x00000022   Code   RO          249    i.Chip_GPIO_SetPinToggle  lpc112x_api_gpio.o
    0x0000182a   0x0000182a   0x00000002   PAD
    0x0000182c   0x0000182c   0x00000028   Code   RO         1134    i.Chip_I2C_EventHandler  i2c_112x.o
    0x00001854   0x00001854   0x0000003c   Code   RO         1135    i.Chip_I2C_EventHandlerPolling  i2c_112x.o
    0x00001890   0x00001890   0x00000064   Code   RO         1138    i.Chip_I2C_Init     i2c_112x.o
    0x000018f4   0x000018f4   0x00000018   Code   RO         1140    i.Chip_I2C_IsStateChanged  i2c_112x.o
    0x0000190c   0x0000190c   0x00000034   Code   RO         1144    i.Chip_I2C_MasterStateHandler  i2c_112x.o
    0x00001940   0x00001940   0x00000074   Code   RO         1145    i.Chip_I2C_MasterTransfer  i2c_112x.o
    0x000019b4   0x000019b4   0x0000003c   Code   RO         1146    i.Chip_I2C_SetClockRate  i2c_112x.o
    0x000019f0   0x000019f0   0x00000028   Code   RO         1147    i.Chip_I2C_SetMasterEventHandler  i2c_112x.o
    0x00001a18   0x00001a18   0x00000006   Code   RO          141    i.Chip_IOCON_PinMuxSet  lpc112x_api_adc.o
    0x00001a1e   0x00001a1e   0x00000006   Code   RO          538    i.Chip_IOCON_PinMuxSet  lpc112x_api_uart.o
    0x00001a24   0x00001a24   0x00000006   Code   RO          663    i.Chip_IOCON_PinMuxSet  lpc112x_api_printf.o
    0x00001a2a   0x00001a2a   0x00000006   Code   RO          739    i.Chip_IOCON_PinMuxSet  lpc112x_api_i2c.o
    0x00001a30   0x00001a30   0x0000001c   Code   RO         1690    i.Chip_SYSCON_PowerDown  syscon_112x.o
    0x00001a4c   0x00001a4c   0x00000020   Code   RO         1691    i.Chip_SYSCON_PowerUp  syscon_112x.o
    0x00001a6c   0x00001a6c   0x00000014   Code   RO         1693    i.Chip_SYSCON_SetWakeup  syscon_112x.o
    0x00001a80   0x00001a80   0x00000068   Code   RO         1731    i.Chip_SetupIrcClocking  sysinit_112x.o
    0x00001ae8   0x00001ae8   0x00000008   Code   RO          325    i.Chip_TIMER_ClearMatch  lpc112x_api_mrt.o
    0x00001af0   0x00001af0   0x00000030   Code   RO         1783    i.Chip_TIMER_GetClock  timer_112x.o
    0x00001b20   0x00001b20   0x00000024   Code   RO         1784    i.Chip_TIMER_Init   timer_112x.o
    0x00001b44   0x00001b44   0x0000001c   Code   RO          326    i.Chip_TIMER_MatchPending  lpc112x_api_mrt.o
    0x00001b60   0x00001b60   0x0000001a   Code   RO         1785    i.Chip_TIMER_Reset  timer_112x.o
    0x00001b7a   0x00001b7a   0x0000000c   Code   RO          327    i.Chip_TIMER_SetMatch  lpc112x_api_mrt.o
    0x00001b86   0x00001b86   0x0000000a   Code   RO         1825    i.Chip_UART_DisableDivisorAccess  uart_112x.o
    0x00001b90   0x00001b90   0x0000000a   Code   RO         1826    i.Chip_UART_EnableDivisorAccess  uart_112x.o
    0x00001b9a   0x00001b9a   0x00000036   Code   RO         1827    i.Chip_UART_IRQRBHandler  uart_112x.o
    0x00001bd0   0x00001bd0   0x00000034   Code   RO         1828    i.Chip_UART_Init    uart_112x.o
    0x00001c04   0x00001c04   0x00000008   Code   RO         1829    i.Chip_UART_IntDisable  uart_112x.o
    0x00001c0c   0x00001c0c   0x0000002c   Code   RO         1830    i.Chip_UART_RXIntHandlerRB  uart_112x.o
    0x00001c38   0x00001c38   0x00000006   Code   RO         1833    i.Chip_UART_ReadLineStatus  uart_112x.o
    0x00001c3e   0x00001c3e   0x0000002e   Code   RO         1835    i.Chip_UART_Send    uart_112x.o
    0x00001c6c   0x00001c6c   0x0000002e   Code   RO         1836    i.Chip_UART_SendBlocking  uart_112x.o
    0x00001c9a   0x00001c9a   0x00000004   Code   RO         1837    i.Chip_UART_SendByte  uart_112x.o
    0x00001c9e   0x00001c9e   0x00000046   Code   RO         1838    i.Chip_UART_SendRB  uart_112x.o
    0x00001ce4   0x00001ce4   0x00000040   Code   RO         1839    i.Chip_UART_SetBaud  uart_112x.o
    0x00001d24   0x00001d24   0x00000006   Code   RO         1841    i.Chip_UART_SetDivisorLatches  uart_112x.o
    0x00001d2a   0x00001d2a   0x00000040   Code   RO         1842    i.Chip_UART_TXIntHandlerRB  uart_112x.o
    0x00001d6a   0x00001d6a   0x00000002   PAD
    0x00001d6c   0x00001d6c   0x00000024   Code   RO         2169    i.DOC_detect        main.o
    0x00001d90   0x00001d90   0x0000005c   Code   RO         2170    i.D_Teck_Task       main.o
    0x00001dec   0x00001dec   0x0000000e   Code   RO         2171    i.Debug_Interface_Init  main.o
    0x00001dfa   0x00001dfa   0x00000002   PAD
    0x00001dfc   0x00001dfc   0x000002a8   Code   RO         2173    i.Discharging_Control  main.o
    0x000020a4   0x000020a4   0x00000018   Code   RO         2174    i.Feed_Watchdog     main.o
    0x000020bc   0x000020bc   0x00000070   Code   RO         2175    i.Func_Do_Avg       main.o
    0x0000212c   0x0000212c   0x000000b4   Code   RO         2176    i.GPIO_Init         main.o
    0x000021e0   0x000021e0   0x0000001c   Code   RO         2177    i.I2C_Init          main.o
    0x000021fc   0x000021fc   0x000002b0   Code   RO         2178    i.LED_Task          main.o
    0x000024ac   0x000024ac   0x00000080   Code   RO         2179    i.MRT_Init          main.o
    0x0000252c   0x0000252c   0x00000078   Code   RO          496    i.NVIC_SetPriority  lpc112x_api_sys_tick.o
    0x000025a4   0x000025a4   0x00000078   Code   RO          539    i.NVIC_SetPriority  lpc112x_api_uart.o
    0x0000261c   0x0000261c   0x00000178   Code   RO          410    i.PIOINT0_IRQHandler  lpc112x_api_pin_int.o
    0x00002794   0x00002794   0x00000178   Code   RO          411    i.PIOINT1_IRQHandler  lpc112x_api_pin_int.o
    0x0000290c   0x0000290c   0x00000140   Code   RO          412    i.PIOINT2_IRQHandler  lpc112x_api_pin_int.o
    0x00002a4c   0x00002a4c   0x00000094   Code   RO          413    i.PIOINT3_IRQHandler  lpc112x_api_pin_int.o
    0x00002ae0   0x00002ae0   0x000000d0   Code   RO         2180    i.Pin_Interrupt_Init  main.o
    0x00002bb0   0x00002bb0   0x00000002   Code   RO         2181    i.Pwr_Tool_Com_Task  main.o
    0x00002bb2   0x00002bb2   0x00000002   PAD
    0x00002bb4   0x00002bb4   0x00000038   Code   RO         2182    i.Read_AFE_Infor    main.o
    0x00002bec   0x00002bec   0x0000003c   Code   RO         2183    i.Read_NTC_infor    main.o
    0x00002c28   0x00002c28   0x00000016   Code   RO         1984    i.RingBuf_Copy      ring_buffer.o
    0x00002c3e   0x00002c3e   0x00000024   Code   RO         1986    i.RingBuf_Free      ring_buffer.o
    0x00002c62   0x00002c62   0x00000006   Code   RO         1988    i.RingBuf_GetUsedBytes  ring_buffer.o
    0x00002c68   0x00002c68   0x00000010   Code   RO         1989    i.RingBuf_Init      ring_buffer.o
    0x00002c78   0x00002c78   0x00000016   Code   RO         1991    i.RingBuf_Read      ring_buffer.o
    0x00002c8e   0x00002c8e   0x00000064   Code   RO         1993    i.RingBuf_Write     ring_buffer.o
    0x00002cf2   0x00002cf2   0x00000002   PAD
    0x00002cf4   0x00002cf4   0x00000018   Code   RO          497    i.SysTick_Handler   lpc112x_api_sys_tick.o
    0x00002d0c   0x00002d0c   0x00000010   Code   RO          951    i.SystemCoreClockUpdate  chip_112x.o
    0x00002d1c   0x00002d1c   0x00000014   Code   RO         2184    i.System_Tick_Init  main.o
    0x00002d30   0x00002d30   0x00000054   Code   RO          328    i.TIMER16_0_IRQHandler  lpc112x_api_mrt.o
    0x00002d84   0x00002d84   0x00000054   Code   RO          329    i.TIMER16_1_IRQHandler  lpc112x_api_mrt.o
    0x00002dd8   0x00002dd8   0x00000030   Code   RO          330    i.TIMER32_0_IRQHandler  lpc112x_api_mrt.o
    0x00002e08   0x00002e08   0x00000030   Code   RO          331    i.TIMER32_1_IRQHandler  lpc112x_api_mrt.o
    0x00002e38   0x00002e38   0x00000048   Code   RO          540    i.UART1_IRQHandler  lpc112x_api_uart.o
    0x00002e80   0x00002e80   0x00000048   Code   RO          541    i.UART2_IRQHandler  lpc112x_api_uart.o
    0x00002ec8   0x00002ec8   0x00000048   Code   RO          542    i.UART_IRQHandler   lpc112x_api_uart.o
    0x00002f10   0x00002f10   0x00000030   Code   RO         2185    i.UART_Init         main.o
    0x00002f40   0x00002f40   0x0000001c   Code   RO          222    i.__ARM_common_switch8  lpc112x_api_adc.o
    0x00002f5c   0x00002f5c   0x00000066   Code   RO         1995    i._prvRingBuf_Read  ring_buffer.o
    0x00002fc2   0x00002fc2   0x00000006   Code   RO          664    i._sys_exit         lpc112x_api_printf.o
    0x00002fc8   0x00002fc8   0x00000154   Code   RO          142    i.adc_config        lpc112x_api_adc.o
    0x0000311c   0x0000311c   0x0000001c   Code   RO          144    i.adc_read_blocking  lpc112x_api_adc.o
    0x00003138   0x00003138   0x0000000c   Code   RO          146    i.adc_ready_isr_callback_register  lpc112x_api_adc.o
    0x00003144   0x00003144   0x000000b4   Code   RO          147    i.adc_scan          lpc112x_api_adc.o
    0x000031f8   0x000031f8   0x00000030   Code   RO          148    i.adc_start_non_blocking  lpc112x_api_adc.o
    0x00003228   0x00003228   0x0000002c   Code   RO         2186    i.cal_CheckSum      main.o
    0x00003254   0x00003254   0x00000028   Code   RO         2187    i.calculate_soc     main.o
    0x0000327c   0x0000327c   0x00000072   Code   RO         2188    i.calt_aver_cell_volt  main.o
    0x000032ee   0x000032ee   0x0000002a   Code   RO         2189    i.calt_max_cell_volt  main.o
    0x00003318   0x00003318   0x0000002a   Code   RO         2190    i.calt_min_cell_volt  main.o
    0x00003342   0x00003342   0x00000002   PAD
    0x00003344   0x00003344   0x00000078   Code   RO         2192    i.charge_detect     main.o
    0x000033bc   0x000033bc   0x00000074   Code   RO         2193    i.check_max_min_cell_volt_mov_aver  main.o
    0x00003430   0x00003430   0x0000001c   Code   RO         2194    i.chg_detect        main.o
    0x0000344c   0x0000344c   0x00000004   Code   RO         2195    i.dual_dsg_detec    main.o
    0x00003450   0x00003450   0x00000008   Code   RO          666    i.ferror            lpc112x_api_printf.o
    0x00003458   0x00003458   0x00000020   Code   RO          668    i.fputc             lpc112x_api_printf.o
    0x00003478   0x00003478   0x00000010   Code   RO         2196    i.fuel_gauge_detect  main.o
    0x00003488   0x00003488   0x0000000a   Code   RO         1150    i.getCurState       i2c_112x.o
    0x00003492   0x00003492   0x00000002   PAD
    0x00003494   0x00003494   0x00000038   Code   RO         1843    i.getUARTClockID    uart_112x.o
    0x000034cc   0x000034cc   0x00000034   Code   RO         2197    i.get_data_from_packet  main.o
    0x00003500   0x00003500   0x000000b4   Code   RO         2198    i.get_soc           main.o
    0x000035b4   0x000035b4   0x000000b4   Code   RO         2199    i.get_temperature   main.o
    0x00003668   0x00003668   0x0000018c   Code   RO          250    i.gpio_direction    lpc112x_api_gpio.o
    0x000037f4   0x000037f4   0x00000078   Code   RO          251    i.gpio_input        lpc112x_api_gpio.o
    0x0000386c   0x0000386c   0x000000e2   Code   RO          252    i.gpio_output       lpc112x_api_gpio.o
    0x0000394e   0x0000394e   0x0000008a   Code   RO          253    i.gpio_output_toggle  lpc112x_api_gpio.o
    0x000039d8   0x000039d8   0x00000050   Code   RO          254    i.gpio_pull_updown  lpc112x_api_gpio.o
    0x00003a28   0x00003a28   0x000000f6   Code   RO         1152    i.handleMasterXferState  i2c_112x.o
    0x00003b1e   0x00003b1e   0x00000002   PAD
    0x00003b20   0x00003b20   0x00000058   Code   RO          740    i.i2c_master_config  lpc112x_api_i2c.o
    0x00003b78   0x00003b78   0x00000048   Code   RO         2200    i.i2c_pec_calc      main.o
    0x00003bc0   0x00003bc0   0x00000048   Code   RO          741    i.i2c_read_blocking  lpc112x_api_i2c.o
    0x00003c08   0x00003c08   0x00000044   Code   RO          742    i.i2c_write_blocking  lpc112x_api_i2c.o
    0x00003c4c   0x00003c4c   0x00000010   Code   RO         2201    i.load_detect       main.o
    0x00003c5c   0x00003c5c   0x00000040   Code   RO         2202    i.main              main.o
    0x00003c9c   0x00003c9c   0x00000046   Code   RO         2203    i.moving_average    main.o
    0x00003ce2   0x00003ce2   0x00000004   Code   RO         2204    i.mrt2_irq_user     main.o
    0x00003ce6   0x00003ce6   0x00000004   Code   RO         2205    i.mrt3_irq_user     main.o
    0x00003cea   0x00003cea   0x00000002   PAD
    0x00003cec   0x00003cec   0x0000015c   Code   RO         2206    i.n_tech_data_handler  main.o
    0x00003e48   0x00003e48   0x0000000c   Code   RO         2207    i.n_tech_get_expected_op_code  main.o
    0x00003e54   0x00003e54   0x0000026c   Code   RO         2208    i.n_tech_input_cmd_handler  main.o
    0x000040c0   0x000040c0   0x0000004c   Code   RO         2209    i.n_tech_output_cmd_handler  main.o
    0x0000410c   0x0000410c   0x00000058   Code   RO         2210    i.n_tech_send_packet  main.o
    0x00004164   0x00004164   0x0000002c   Code   RO         2211    i.n_tech_set_BTname_cmd  main.o
    0x00004190   0x00004190   0x00000284   Code   RO          414    i.pin_int_config    lpc112x_api_pin_int.o
    0x00004414   0x00004414   0x00000050   Code   RO          415    i.pin_int_enable    lpc112x_api_pin_int.o
    0x00004464   0x00004464   0x0000000c   Code   RO          416    i.pin_isr_callback_register  lpc112x_api_pin_int.o
    0x00004470   0x00004470   0x00000028   Code   RO          255    i.pinmodesetting    lpc112x_api_gpio.o
    0x00004498   0x00004498   0x0000011c   Code   RO          669    i.printf_config     lpc112x_api_printf.o
    0x000045b4   0x000045b4   0x00000034   Code   RO         2212    i.read_AFE_Chip_Temp  main.o
    0x000045e8   0x000045e8   0x00000018   Code   RO         2213    i.read_AFE_event    main.o
    0x00004600   0x00004600   0x0000000c   Code   RO         2214    i.read_cell_temp    main.o
    0x0000460c   0x0000460c   0x00000044   Code   RO         2215    i.read_cell_temperature  main.o
    0x00004650   0x00004650   0x0000003c   Code   RO         2216    i.read_cell_vol     main.o
    0x0000468c   0x0000468c   0x0000000c   Code   RO         2217    i.read_mosfet_temp  main.o
    0x00004698   0x00004698   0x00000044   Code   RO         2218    i.read_mosfet_temperature  main.o
    0x000046dc   0x000046dc   0x00000098   Code   RO         2219    i.read_n_tech_data  main.o
    0x00004774   0x00004774   0x0000005c   Code   RO         2220    i.read_pack_current  main.o
    0x000047d0   0x000047d0   0x0000000c   Code   RO         2221    i.read_pack_dsg_curr  main.o
    0x000047dc   0x000047dc   0x00000040   Code   RO         2222    i.read_pack_dsg_current  main.o
    0x0000481c   0x0000481c   0x00000058   Code   RO         2223    i.read_pack_vol     main.o
    0x00004874   0x00004874   0x0000000c   Code   RO         2224    i.read_pack_volt    main.o
    0x00004880   0x00004880   0x0000000a   Code   RO         1157    i.startSlaverXfer   i2c_112x.o
    0x0000488a   0x0000488a   0x00000002   PAD
    0x0000488c   0x0000488c   0x00000048   Code   RO          498    i.sys_tick_config   lpc112x_api_sys_tick.o
    0x000048d4   0x000048d4   0x0000000c   Code   RO         2225    i.sys_tick_count    main.o
    0x000048e0   0x000048e0   0x0000000c   Code   RO          499    i.sys_tick_isr_callback_register  lpc112x_api_sys_tick.o
    0x000048ec   0x000048ec   0x00000024   Code   RO           15    i.system_clock_init  lpc112x_api_sys_clock.o
    0x00004910   0x00004910   0x00000068   Code   RO         2226    i.task_scheduler    main.o
    0x00004978   0x00004978   0x00000034   Code   RO         2227    i.task_tick         main.o
    0x000049ac   0x000049ac   0x000000d0   Code   RO          332    i.timer_config      lpc112x_api_mrt.o
    0x00004a7c   0x00004a7c   0x000000a4   Code   RO          333    i.timer_enable      lpc112x_api_mrt.o
    0x00004b20   0x00004b20   0x0000000c   Code   RO          334    i.timer_isr_callback_register  lpc112x_api_mrt.o
    0x00004b2c   0x00004b2c   0x0000001c   Code   RO          543    i.uart_DeleteRxBufferBytes  lpc112x_api_uart.o
    0x00004b48   0x00004b48   0x00000020   Code   RO          544    i.uart_ReadRxBufferOnly  lpc112x_api_uart.o
    0x00004b68   0x00004b68   0x00000200   Code   RO          545    i.uart_config       lpc112x_api_uart.o
    0x00004d68   0x00004d68   0x0000001c   Code   RO          546    i.uart_get_rx_buffer_data_len  lpc112x_api_uart.o
    0x00004d84   0x00004d84   0x0000002c   Code   RO          547    i.uart_read_rx_buffer  lpc112x_api_uart.o
    0x00004db0   0x00004db0   0x00000048   Code   RO          548    i.uart_send_non_blocking  lpc112x_api_uart.o
    0x00004df8   0x00004df8   0x0000000c   Code   RO          549    i.uart_send_tx_ready_isr_callback_register  lpc112x_api_uart.o
    0x00004e04   0x00004e04   0x00000024   Code   RO          550    i.uart_tx_buff_emty  lpc112x_api_uart.o
    0x00004e28   0x00004e28   0x00000004   Code   RO         2228    i.uart_tx_free      main.o
    0x00004e2c   0x00004e2c   0x00000068   Code   RO         2643    x$fpl$drleqf        fz_ps.l(drlef.o)
    0x00004e94   0x00004e94   0x00000000   Code   RO         2658    x$fpl$usenofp       fz_ps.l(usenofp.o)
    0x00004e94   0x00004e94   0x00000008   Data   RO           16    .constdata          lpc112x_api_sys_clock.o
    0x00004e9c   0x00004e9c   0x00000040   Data   RO          996    .constdata          clock_112x.o
    0x00004edc   0x00004edc   0x00000070   Data   RO         2230    .constdata          main.o
    0x00004f4c   0x00004f4c   0x00000080   Data   RO         2637    .constdata          fz_ps.l(ddiv.o)
    0x00004fcc   0x00004fcc   0x00000020   Data   RO         2827    Region$$Table       anon$$obj.o


    Execution Region RW_IRAM1 (Exec base: 0x10000000, Load base: 0x00004fec, Size: 0x00000928, Max: 0x00002000, ABSOLUTE, COMPRESSED[0x00000168])

    Exec Addr    Load Addr    Size         Type   Attr      Idx    E Section Name        Object

    0x10000000   COMPRESSED   0x00000004   Data   RW          151    .data               lpc112x_api_adc.o
    0x10000004   COMPRESSED   0x000000a0   Data   RW          256    .data               lpc112x_api_gpio.o
    0x100000a4   COMPRESSED   0x00000010   Data   RW          336    .data               lpc112x_api_mrt.o
    0x100000b4   COMPRESSED   0x0000000a   Data   RW          418    .data               lpc112x_api_pin_int.o
    0x100000be   COMPRESSED   0x00000002   PAD
    0x100000c0   COMPRESSED   0x00000004   Data   RW          500    .data               lpc112x_api_sys_tick.o
    0x100000c4   COMPRESSED   0x00000010   Data   RW          670    .data               lpc112x_api_printf.o
    0x100000d4   COMPRESSED   0x00000004   Data   RW          952    .data               chip_112x.o
    0x100000d8   COMPRESSED   0x0000001c   Data   RW         1159    .data               i2c_112x.o
    0x100000f4   COMPRESSED   0x000001eb   Data   RW         2231    .data               main.o
    0x100002df   COMPRESSED   0x00000001   PAD
    0x100002e0        -       0x00000048   Zero   RW          150    .bss                lpc112x_api_adc.o
    0x10000328        -       0x00000010   Zero   RW          335    .bss                lpc112x_api_mrt.o
    0x10000338        -       0x000000a0   Zero   RW          417    .bss                lpc112x_api_pin_int.o
    0x100003d8        -       0x00000084   Zero   RW          551    .bss                lpc112x_api_uart.o
    0x1000045c        -       0x00000018   Zero   RW          743    .bss                lpc112x_api_i2c.o
    0x10000474        -       0x00000154   Zero   RW         2229    .bss                main.o
    0x100005c8        -       0x00000060   Zero   RW         2702    .bss                c_p.l(libspace.o)
    0x10000628        -       0x00000100   Zero   RW            2    HEAP                keil_startup_lpc112x.o
    0x10000728        -       0x00000200   Zero   RW            1    STACK               keil_startup_lpc112x.o


==============================================================================

Image component sizes


      Code (inc. data)   RO Data    RW Data    ZI Data      Debug   Object Name

       170         12          0          0          0      17696   adc_112x.o
        16          4          0          4          0        718   chip_112x.o
       282         44         64          0          0       8188   clock_112x.o
       758         62          0         28          0      12266   i2c_112x.o
        64         28        192          0        768       1144   keil_startup_lpc112x.o
       706         80          0          4         72      20726   lpc112x_api_adc.o
      1142         24          0        160          0      10940   lpc112x_api_gpio.o
       234         20          0          0         24       3461   lpc112x_api_i2c.o
       696        106          0         16         16      15580   lpc112x_api_mrt.o
      2048         86          0         10        160      21943   lpc112x_api_pin_int.o
       336         26          0         16          0      11174   lpc112x_api_printf.o
        36          6          8          0          0      18506   lpc112x_api_sys_clock.o
       228         32          0          4          0       8689   lpc112x_api_sys_tick.o
      1106        140          0          0        132      20965   lpc112x_api_uart.o
      8114        776        112        491        340      51912   main.o
       304          0          0          0          0       5546   ring_buffer.o
        80         18          0          0          0       1530   syscon_112x.o
       160         22          0          0          0       5708   sysinit_112x.o
       110         18          0          0          0       1657   timer_112x.o
       540         18          0          0          0      14989   uart_112x.o

    ----------------------------------------------------------------------
     17156       1522        408        736       1512     253338   Object Totals
         0          0         32          0          0          0   (incl. Generated)
        26          0          0          3          0          0   (incl. Padding)

    ----------------------------------------------------------------------

      Code (inc. data)   RO Data    RW Data    ZI Data      Debug   Library Member Name

        86          0          0          0          0          0   __dczerorl2.o
         8          0          0          0          0         68   __main.o
        36          0          0          0          0         76   __printf_nopercent.o
         0          0          0          0          0          0   __rtentry.o
        12          0          0          0          0          0   __rtentry2.o
         6          0          0          0          0          0   __rtentry4.o
        60          8          0          0          0          0   __scatter.o
        28          0          0          0          0          0   __scatter_zi.o
        48          6          0          0          0         88   _printf_char_common.o
        40          6          0          0          0         72   _printf_char_file.o
       346          0          0          0          0         92   aeabi_sdiv.o
        16          0          0          0          0         68   exit.o
         6          0          0          0          0        136   heapauxi.o
         2          0          0          0          0          0   libinit.o
         2          0          0          0          0          0   libinit2.o
         2          0          0          0          0          0   libshutdown.o
         2          0          0          0          0          0   libshutdown2.o
         8          4          0          0         96         68   libspace.o
        28          6          0          0          0         84   noretval__2printf.o
        64          0          0          0          0        108   rt_memclr.o
       186          0          0          0          0        144   rt_memcpy.o
         2          0          0          0          0          0   rtexit.o
        10          0          0          0          0          0   rtexit2.o
        62          0          0          0          0         80   sys_stackheap_outer.o
        46          0          0          0          0         60   cmpret.o
       144          4          0          0          0         76   dcmpin.o
      1096         26        128          0          0        112   ddiv.o
       108         10          0          0          0         72   dfixi.o
        88          0          0          0          0         92   dflti.o
        20          6          0          0          0         68   dnan2.o
       104          4          0          0          0        104   drlef.o
        94          0          0          0          0         68   retnan.o
         0          0          0          0          0          0   usenofp.o

    ----------------------------------------------------------------------
      2768         80        128          0         96       1736   Library Totals
         8          0          0          0          0          0   (incl. Padding)

    ----------------------------------------------------------------------

      Code (inc. data)   RO Data    RW Data    ZI Data      Debug   Library Name

      1060         30          0          0         96       1084   c_p.l
      1700         50        128          0          0        652   fz_ps.l

    ----------------------------------------------------------------------
      2768         80        128          0         96       1736   Library Totals

    ----------------------------------------------------------------------

==============================================================================


      Code (inc. data)   RO Data    RW Data    ZI Data      Debug   

     19924       1602        536        736       1608     245818   Grand Totals
     19924       1602        536        360       1608     245818   ELF Image Totals (compressed)
     19924       1602        536        360          0          0   ROM Totals

==============================================================================

    Total RO  Size (Code + RO Data)                20460 (  19.98kB)
    Total RW  Size (RW Data + ZI Data)              2344 (   2.29kB)
    Total ROM Size (Code + RO Data + RW Data)      20820 (  20.33kB)

==============================================================================

