<html>
<body>
<pre>
<h1>µVision Build Log</h1>
<h2>Tool Versions:</h2>
IDE-Version: µVision V5.24.2.0
Copyright (C) 2017 ARM Ltd and ARM Germany GmbH. All rights reserved.
License Information: John PTENCHEU, TTi Group, LIC=----
 
Tool Versions:
Toolchain:       MDK-Lite  Version: 5.24.1
Toolchain Path:  D:\Application\uVision Keil\ARM\ARMCC\Bin
C Compiler:      Armcc.exe V5.06 update 5 (build 528)
Assembler:       Armasm.exe V5.06 update 5 (build 528)
Linker/Locator:  ArmLink.exe V5.06 update 5 (build 528)
Library Manager: ArmAr.exe V5.06 update 5 (build 528)
Hex Converter:   FromElf.exe V5.06 update 5 (build 528)
CPU DLL:         SARMCM3.DLL V5.24.1
Dialog DLL:      DARMCM1.DLL V1.18.0.0
Target DLL:      Segger\JL2CM3.dll V2.99.26.0
Dialog DLL:      TARMCM1.DLL V1.13.0.0
 
<h2>Project:</h2>
D:\Users\ptebcheu\Desktop\bpl36xx_36v_bluetooth_n_tech\lpc112x_API.uvprojx
Project File Date:  08/25/2017

<h2>Output:</h2>
*** Using Compiler 'V5.06 update 5 (build 528)', folder: 'D:\Application\uVision Keil\ARM\ARMCC\Bin'
Build target 'lpc112x_api'
compiling main.c...
linking...
Program Size: Code=19924 RO-data=536 RW-data=736 ZI-data=1608  
".\Objects\lpc112x_API.axf" - 0 Error(s), 0 Warning(s).

<h2>Software Packages used:</h2>

Package Vendor: Keil
                http://www.keil.com/pack/Keil.LPC1100_DFP.1.4.0.pack
                Keil.LPC1100_DFP.1.4.0
                NXP LPC1100 Series Device Support

<h2>Collection of Component include folders:</h2>
  .\RTE\_lpc112x_api
  D:\Application\uVision Keil\ARM\PACK\Keil\LPC1100_DFP\1.4.0\Device\Include\LPC112x

<h2>Collection of Component Files used:</h2>
Build Time Elapsed:  00:00:03
</pre>
</body>
</html>
